SI7006.h:106:12:i2c_write1	16	static
SI7006.h:136:15:i2c_read1	24	static
SI7006.h:185:22:i2c_write	24	static
SI7006.h:215:27:i2c_read	24	static
SI7006.h:267:29:Delay	16	static
SI7006.C:8:6:MEASURE_RELATIVE_HUMIDITY_HOLD_MASTER_MODE	24	static
SI7006.C:39:7:MEASURE_TEMPERATURE_HOLD_MASTER_MODE	32	static
SI7006.C:78:7:MEASURE_RELATIVE_HUMIDITY_NO_HOLD_MASTER_MODE	24	static
SI7006.C:113:7:MEASURE_TEMPERATURE_NO_HOLD_MASTER_MODE	32	static
SI7006.C:154:7:RESET_USER_REGISTER1	16	static
SI7006.C:178:7:RESET	8	static
SI7006.C:185:8:READ_TEMPERATURE_VALUE_FROM_PREVIOUS_RH_MEASUREMENT	32	static
SI7006.C:206:6:RESOLUTION_RH_11_TEMP_11	16	static
SI7006.C:227:6:RESOLUTION_RH_12_TEMP_14	16	static
SI7006.C:247:6:RESOLUTION_RH_8_TEMP_12	16	static
SI7006.C:267:6:RESOLUTION_RH_10_TEMP_13	16	static
SI7006.C:287:6:VDD	16	static
SI7006.C:306:6:HEATER_ENABLED	16	static
SI7006.C:326:7:HEATER_DISABLED	16	static
SI7006.C:347:6:HEATER_CURRENT_3mA	16	static
SI7006.C:364:6:HEATER_CURRENT_9mA	16	static
SI7006.C:384:6:HEATER_CURRENT_15mA	16	static
SI7006.C:404:6:HEATER_CURRENT_27mA	16	static
SI7006.C:424:6:HEATER_CURRENT_51mA	16	static
SI7006.C:448:6:HEATER_CURRENT_94mA	16	static
SI7006.C:468:6:READ_ELECTRONIC_ID_FIRST_BYTE_CMD	16	static
SI7006.C:477:6:READ_ELECTRONIC_ID_SECOND_BYTE_CMD	16	static
SI7006.C:492:7:READ_FIRMWARE_VERSION_CMD	16	static
si7006_driver2.c:59:5:main	8	static
