fsl_clock.h:584:20:CLOCK_EnableClock	24	static
fsl_gpio.h:157:20:GPIO_WritePinOutput	24	static
fsl_port.h:256:20:PORT_SetPinConfig	32	static
SI7006.h:106:12:i2c_write1	16	static
SI7006.h:136:15:i2c_read1	24	static
SI7006.h:185:22:i2c_write	24	static
SI7006.h:215:27:i2c_read	24	static
SI7006.h:267:29:Delay	16	static
SI7006.h:282:13:i2c_release_bus_delay	16	static
SI7006.h:291:6:BOARD_I2C_ReleaseBus	16	static
SI7006.h:342:13:DELAY	16	static
SI7006_driver.C:8:6:MEASURE_RELATIVE_HUMIDITY_HOLD_MASTER_MODE	24	static
SI7006_driver.C:40:7:MEASURE_TEMPERATURE_HOLD_MASTER_MODE	32	static
SI7006_driver.C:79:7:MEASURE_RELATIVE_HUMIDITY_NO_HOLD_MASTER_MODE	24	static
SI7006_driver.C:117:7:MEASURE_TEMPERATURE_NO_HOLD_MASTER_MODE	32	static
SI7006_driver.C:159:7:RESET_USER_REGISTER1	16	static
SI7006_driver.C:183:7:RESET	8	static
SI7006_driver.C:190:8:READ_TEMPERATURE_VALUE_FROM_PREVIOUS_RH_MEASUREMENT	32	static
SI7006_driver.C:211:6:RESOLUTION_RH_11_TEMP_11	16	static
SI7006_driver.C:232:6:RESOLUTION_RH_12_TEMP_14	16	static
SI7006_driver.C:252:6:RESOLUTION_RH_8_TEMP_12	16	static
SI7006_driver.C:272:6:RESOLUTION_RH_10_TEMP_13	16	static
SI7006_driver.C:292:6:VDD	16	static
SI7006_driver.C:311:6:HEATER_ENABLED	16	static
SI7006_driver.C:331:7:HEATER_DISABLED	16	static
SI7006_driver.C:352:6:HEATER_CURRENT_3mA	16	static
SI7006_driver.C:369:6:HEATER_CURRENT_9mA	16	static
SI7006_driver.C:389:6:HEATER_CURRENT_15mA	16	static
SI7006_driver.C:409:6:HEATER_CURRENT_27mA	16	static
SI7006_driver.C:429:6:HEATER_CURRENT_51mA	16	static
SI7006_driver.C:453:6:HEATER_CURRENT_94mA	16	static
SI7006_driver.C:473:6:READ_ELECTRONIC_ID_FIRST_BYTE_CMD	16	static
SI7006_driver.C:482:6:READ_ELECTRONIC_ID_SECOND_BYTE_CMD	16	static
SI7006_driver.C:497:7:READ_FIRMWARE_VERSION_CMD	16	static
si7006.c:59:5:main	8	static
