fsl_clock.h:584:20:CLOCK_EnableClock	24	static
fsl_gpio.h:157:20:GPIO_WritePinOutput	24	static
fsl_port.h:256:20:PORT_SetPinConfig	32	static
TCA8418NUC2.c:76:6:i2c_write	24	static
TCA8418NUC2.c:106:9:i2c_read	24	static
TCA8418NUC2.c:165:13:i2c_release_bus_delay	16	static
TCA8418NUC2.c:174:6:BOARD_I2C_ReleaseBus	16	static
TCA8418NUC2.c:233:6:keylock	8	static
TCA8418NUC2.c:251:6:GPIO	8	static
TCA8418NUC2.c:277:6:keypress	32	static
TCA8418NUC2.c:392:6:keyrelease	32	static
TCA8418NUC2.c:507:5:main	8	static
