fsl_clock.h:584:20:CLOCK_EnableClock	24	static
fsl_gpio.h:157:20:GPIO_WritePinOutput	24	static
fsl_port.h:256:20:PORT_SetPinConfig	32	static
BH1745.h:85:6:i2c_write	24	static
BH1745.h:115:9:i2c_read	24	static
BH1745.h:173:13:i2c_release_bus_delay	16	static
BH1745.h:182:6:BOARD_I2C_ReleaseBus	16	static
BH1745.h:236:13:DELAY	16	static
BH1745_driver.C:13:6:RBG_MEASUREMENT_TIME_160mSec	8	static
BH1745_driver.C:18:6:RBG_MEASUREMENT_TIME_320mSec	8	static
BH1745_driver.C:23:6:RBG_MEASUREMENT_TIME_640mSec	8	static
BH1745_driver.C:28:6:RBG_MEASUREMENT_TIME_1280mSec	8	static
BH1745_driver.C:33:6:RBG_MEASUREMENT_TIME_2560mSec	8	static
BH1745_driver.C:38:6:RBG_MEASUREMENT_TIME_5120mSec	8	static
BH1745_driver.C:45:7:SYSTEM_CONTROL_SW_RESET	8	static
BH1745_driver.C:50:7:SYSTEM_CONTROL_INT_RESET	8	static
BH1745_driver.C:57:7:SYSTEM_CONTROL_READ	16	static
BH1745_driver.C:68:7:MODE_CONTROL1_READ	16	static
BH1745_driver.C:77:6:MODE_CONTROL3	8	static
BH1745_driver.C:84:6:RGBC_ENABLE	8	static
BH1745_driver.C:92:6:ADC_GAIN_1X	8	static
BH1745_driver.C:97:6:ADC_GAIN_2X	8	static
BH1745_driver.C:102:6:ADC_GAIN_16X	8	static
BH1745_driver.C:111:6:MODE_CONTROL3_READ	16	static
BH1745_driver.C:118:6:MODE_CONTROL2_READ	16	static
BH1745_driver.C:135:6:DINT_DATA	16	static
BH1745_driver.C:148:6:INTERRUPT_PIN_ENABLE	8	static
BH1745_driver.C:154:6:INTERRUPT_PIN_DISABLE	8	static
BH1745_driver.C:160:6:INT_SOURCE_RED_CHANNEL	8	static
BH1745_driver.C:166:6:INT_SOURCE_GREEN_CHANNEL	8	static
BH1745_driver.C:172:6:INT_SOURCE_BLUE_CHANNEL	8	static
BH1745_driver.C:178:6:INT_SOURCE_CLEAR_CHANNEL	8	static
BH1745_driver.C:184:6:INT_LATCH_0	8	static
BH1745_driver.C:193:6:INT_LATCH_1	8	static
BH1745_driver.C:202:6:INTERRUPT_READ	16	static
BH1745_driver.C:220:6:MANUFACTURER_ID	16	static
BH1745_driver.C:230:6:RGB_DATA_FOR_READ	56	static
BH1745.c:61:5:main	8	static
BH1745.c:133:6:PERSISTENCE	8	static
BH1745.c:147:6:THRESHOLD	24	static
