fsl_clock.h:584:20:CLOCK_EnableClock	24	static
fsl_gpio.h:157:20:GPIO_WritePinOutput	24	static
fsl_port.h:256:20:PORT_SetPinConfig	32	static
BH1745.h:76:6:i2c_write	24	static
BH1745.h:106:9:i2c_read	24	static
BH1745.h:162:13:i2c_release_bus_delay	16	static
BH1745.h:171:6:BOARD_I2C_ReleaseBus	16	static
BH1745.h:222:13:DELAY	16	static
BH1745.C:12:6:RBG_MEASUREMENT_TIME_160mSec	8	static
BH1745.C:17:6:RBG_MEASUREMENT_TIME_320mSec	8	static
BH1745.C:22:6:RBG_MEASUREMENT_TIME_640mSec	8	static
BH1745.C:27:6:RBG_MEASUREMENT_TIME_1280mSec	8	static
BH1745.C:32:6:RBG_MEASUREMENT_TIME_2560mSec	8	static
BH1745.C:37:6:RBG_MEASUREMENT_TIME_5120mSec	8	static
BH1745.C:42:7:SYSTEM_CONTROL_SW_RESET	8	static
BH1745.C:47:7:SYSTEM_CONTROL_INT_RESET	8	static
BH1745.C:52:7:SYSTEM_CONTROL_READ	16	static
BH1745.C:60:7:MODE_CONTROL1_READ	16	static
BH1745.C:66:6:MODE_CONTROL3	8	static
BH1745.C:71:6:RGBC_ENABLE	8	static
BH1745.C:77:6:ADC_GAIN_1X	8	static
BH1745.C:82:6:ADC_GAIN_2X	8	static
BH1745.C:87:6:ADC_GAIN_16X	8	static
BH1745.C:92:6:MODE_CONTROL3_READ	16	static
BH1745.C:99:6:MODE_CONTROL2_READ	16	static
BH1745.C:114:6:DINT_DATA	16	static
BH1745.C:123:6:INTERRUPT_PIN_ENABLE	8	static
BH1745.C:129:6:INTERRUPT_PIN_DISABLE	8	static
BH1745.C:135:6:INT_SOURCE_RED_CHANNEL	8	static
BH1745.C:141:6:INT_SOURCE_GREEN_CHANNEL	8	static
BH1745.C:147:6:INT_SOURCE_BLUE_CHANNEL	8	static
BH1745.C:153:6:INT_SOURCE_CLEAR_CHANNEL	8	static
BH1745.C:159:6:INT_LATCH_0	8	static
BH1745.C:168:6:INT_LATCH_1	8	static
BH1745.C:177:6:INTERRUPT_READ	16	static
BH1745.C:193:6:MANUFACTURER_ID	16	static
BH1745.C:199:6:RGB_DATA_FOR_READ	56	static
BH1745_DRIVER.c:59:5:main	8	static
BH1745_DRIVER.c:128:6:PERSISTENCE	8	static
BH1745_DRIVER.c:142:6:THRESHOLD	24	static
