Archive member included to satisfy reference by file (symbol)

/Applications/MCUXpressoIDE_11.1.0_3209/ide/plugins/com.nxp.mcuxpresso.tools.macosx_11.1.0.201909161352/tools/bin/../lib/gcc/arm-none-eabi/8.3.1/../../../../arm-none-eabi/lib/thumb/v6-m/nofp/libcr_semihost_nf.a(_cr__main.o)
                              ./startup/startup_mkl25z4.o (__main)
/Applications/MCUXpressoIDE_11.1.0_3209/ide/plugins/com.nxp.mcuxpresso.tools.macosx_11.1.0.201909161352/tools/bin/../lib/gcc/arm-none-eabi/8.3.1/../../../../arm-none-eabi/lib/thumb/v6-m/nofp/libcr_semihost_nf.a(_cr_assert.o)
                              ./drivers/fsl_clock.o (__assertion_failed)
/Applications/MCUXpressoIDE_11.1.0_3209/ide/plugins/com.nxp.mcuxpresso.tools.macosx_11.1.0.201909161352/tools/bin/../lib/gcc/arm-none-eabi/8.3.1/../../../../arm-none-eabi/lib/thumb/v6-m/nofp/libcr_semihost_nf.a(__ciob.o)
                              /Applications/MCUXpressoIDE_11.1.0_3209/ide/plugins/com.nxp.mcuxpresso.tools.macosx_11.1.0.201909161352/tools/bin/../lib/gcc/arm-none-eabi/8.3.1/../../../../arm-none-eabi/lib/thumb/v6-m/nofp/libcr_semihost_nf.a(_cr_assert.o) (__Ciob)
/Applications/MCUXpressoIDE_11.1.0_3209/ide/plugins/com.nxp.mcuxpresso.tools.macosx_11.1.0.201909161352/tools/bin/../lib/gcc/arm-none-eabi/8.3.1/../../../../arm-none-eabi/lib/thumb/v6-m/nofp/libcr_semihost_nf.a(__sys_appexit.o)
                              /Applications/MCUXpressoIDE_11.1.0_3209/ide/plugins/com.nxp.mcuxpresso.tools.macosx_11.1.0.201909161352/tools/bin/../lib/gcc/arm-none-eabi/8.3.1/../../../../arm-none-eabi/lib/thumb/v6-m/nofp/libcr_semihost_nf.a(_cr_assert.o) (__sys_appexit)
/Applications/MCUXpressoIDE_11.1.0_3209/ide/plugins/com.nxp.mcuxpresso.tools.macosx_11.1.0.201909161352/tools/bin/../lib/gcc/arm-none-eabi/8.3.1/../../../../arm-none-eabi/lib/thumb/v6-m/nofp/libcr_c.a(memcpy.o)
                              ./drivers/fsl_flash.o (memcpy)
/Applications/MCUXpressoIDE_11.1.0_3209/ide/plugins/com.nxp.mcuxpresso.tools.macosx_11.1.0.201909161352/tools/bin/../lib/gcc/arm-none-eabi/8.3.1/../../../../arm-none-eabi/lib/thumb/v6-m/nofp/libcr_c.a(memset.o)
                              ./drivers/fsl_flash.o (memset)
/Applications/MCUXpressoIDE_11.1.0_3209/ide/plugins/com.nxp.mcuxpresso.tools.macosx_11.1.0.201909161352/tools/bin/../lib/gcc/arm-none-eabi/8.3.1/../../../../arm-none-eabi/lib/thumb/v6-m/nofp/libcr_c.a(_deferredlazyseek.o)
                              /Applications/MCUXpressoIDE_11.1.0_3209/ide/plugins/com.nxp.mcuxpresso.tools.macosx_11.1.0.201909161352/tools/bin/../lib/gcc/arm-none-eabi/8.3.1/../../../../arm-none-eabi/lib/thumb/v6-m/nofp/libcr_semihost_nf.a(_cr_assert.o) (__flsbuf)
/Applications/MCUXpressoIDE_11.1.0_3209/ide/plugins/com.nxp.mcuxpresso.tools.macosx_11.1.0.201909161352/tools/bin/../lib/gcc/arm-none-eabi/8.3.1/../../../../arm-none-eabi/lib/thumb/v6-m/nofp/libcr_c.a(_fflush.o)
                              /Applications/MCUXpressoIDE_11.1.0_3209/ide/plugins/com.nxp.mcuxpresso.tools.macosx_11.1.0.201909161352/tools/bin/../lib/gcc/arm-none-eabi/8.3.1/../../../../arm-none-eabi/lib/thumb/v6-m/nofp/libcr_c.a(_deferredlazyseek.o) (_fflush)
/Applications/MCUXpressoIDE_11.1.0_3209/ide/plugins/com.nxp.mcuxpresso.tools.macosx_11.1.0.201909161352/tools/bin/../lib/gcc/arm-none-eabi/8.3.1/../../../../arm-none-eabi/lib/thumb/v6-m/nofp/libcr_c.a(_writebuf.o)
                              /Applications/MCUXpressoIDE_11.1.0_3209/ide/plugins/com.nxp.mcuxpresso.tools.macosx_11.1.0.201909161352/tools/bin/../lib/gcc/arm-none-eabi/8.3.1/../../../../arm-none-eabi/lib/thumb/v6-m/nofp/libcr_c.a(_deferredlazyseek.o) (_Cwritebuf)
/Applications/MCUXpressoIDE_11.1.0_3209/ide/plugins/com.nxp.mcuxpresso.tools.macosx_11.1.0.201909161352/tools/bin/../lib/gcc/arm-none-eabi/8.3.1/../../../../arm-none-eabi/lib/thumb/v6-m/nofp/libcr_c.a(alloc.o)
                              /Applications/MCUXpressoIDE_11.1.0_3209/ide/plugins/com.nxp.mcuxpresso.tools.macosx_11.1.0.201909161352/tools/bin/../lib/gcc/arm-none-eabi/8.3.1/../../../../arm-none-eabi/lib/thumb/v6-m/nofp/libcr_c.a(_deferredlazyseek.o) (_Csys_alloc)
/Applications/MCUXpressoIDE_11.1.0_3209/ide/plugins/com.nxp.mcuxpresso.tools.macosx_11.1.0.201909161352/tools/bin/../lib/gcc/arm-none-eabi/8.3.1/../../../../arm-none-eabi/lib/thumb/v6-m/nofp/libcr_c.a(fputs.o)
                              /Applications/MCUXpressoIDE_11.1.0_3209/ide/plugins/com.nxp.mcuxpresso.tools.macosx_11.1.0.201909161352/tools/bin/../lib/gcc/arm-none-eabi/8.3.1/../../../../arm-none-eabi/lib/thumb/v6-m/nofp/libcr_semihost_nf.a(_cr_assert.o) (fputs)
/Applications/MCUXpressoIDE_11.1.0_3209/ide/plugins/com.nxp.mcuxpresso.tools.macosx_11.1.0.201909161352/tools/bin/../lib/gcc/arm-none-eabi/8.3.1/../../../../arm-none-eabi/lib/thumb/v6-m/nofp/libcr_c.a(fseek.o)
[...]
Memory Configuration

Name             Origin             Length             Attributes
PROGRAM_FLASH    0x0000000000000000 0x0000000000020000 xr
SRAM             0x000000001ffff000 0x0000000000004000 xrw
*default*        0x0000000000000000 0xffffffffffffffff

Linker script and memory map

LOAD ./utilities/fsl_debug_console.o
LOAD ./startup/startup_mkl25z4.o
LOAD ./source/mtb.o
LOAD ./source/semihost_hardfault.o
LOAD ./source/si7006_driver2.o
LOAD ./drivers/fsl_clock.o
LOAD ./drivers/fsl_common.o
LOAD ./drivers/fsl_flash.o
LOAD ./drivers/fsl_gpio.o
LOAD ./drivers/fsl_i2c.o
LOAD ./drivers/fsl_lpsci.o
LOAD ./drivers/fsl_smc.o
LOAD ./drivers/fsl_uart.o
LOAD ./board/board.o
LOAD ./board/clock_config.o
LOAD ./board/peripherals.o
LOAD ./board/pin_mux.o
LOAD ./CMSIS/system_MKL25Z4.o
START GROUP
LOAD /Applications/MCUXpressoIDE_11.1.0_3209/ide/plugins/com.nxp.mcuxpresso.tools.macosx_11.1.0.201909161352/tools/bin/../lib/gcc/arm-none-eabi/8.3.1/../../../../arm-none-eabi/lib/thumb/v6-m/nofp/libcr_semihost_nf.a
LOAD /Applications/MCUXpressoIDE_11.1.0_3209/ide/plugins/com.nxp.mcuxpresso.tools.macosx_11.1.0.201909161352/tools/bin/../lib/gcc/arm-none-eabi/8.3.1/../../../../arm-none-eabi/lib/thumb/v6-m/nofp/libcr_c.a
LOAD /Applications/MCUXpressoIDE_11.1.0_3209/ide/plugins/com.nxp.mcuxpresso.tools.macosx_11.1.0.201909161352/tools/bin/../lib/gcc/arm-none-eabi/8.3.1/thumb/v6-m/nofp/libcr_eabihelpers.a
LOAD /Applications/MCUXpressoIDE_11.1.0_3209/ide/plugins/com.nxp.mcuxpresso.tools.macosx_11.1.0.201909161352/tools/bin/../lib/gcc/arm-none-eabi/8.3.1/thumb/v6-m/nofp/libgcc.a
END GROUP
                0x0000000000000000                __base_PROGRAM_FLASH = 0x0
                0x0000000000000000                __base_Flash = 0x0
                0x0000000000020000                __top_PROGRAM_FLASH = 0x20000
                0x0000000000020000                __top_Flash = 0x20000
                0x000000001ffff000                __base_SRAM = 0x1ffff000
                0x000000001ffff000                __base_RAM = 0x1ffff000
                0x0000000020003000                __top_SRAM = 0x20003000
                0x0000000020003000                __top_RAM = 0x20003000

.text           0x0000000000000000     0x269c
 FILL mask 0xff
                0x0000000000000000                __vectors_start__ = ABSOLUTE (.)
 *(SORT_BY_ALIGNMENT(.isr_vector))
 .isr_vector    0x0000000000000000       0xc0 ./startup/startup_mkl25z4.o
                0x0000000000000000                __Vectors
                0x0000000000000000                g_pfnVectors
                0x00000000000000c0                . = ALIGN (0x4)
                0x00000000000000c0                __section_table_start = .
                0x00000000000000c0                __data_section_table = .
                0x00000000000000c0        0x4 LONG 0x269c LOADADDR (.data)
                0x00000000000000c4        0x4 LONG 0x1ffff080 ADDR (.data)
                0x00000000000000c8        0x4 LONG 0x0 SIZEOF (.data)
                0x00000000000000cc                __data_section_table_end = .
                0x00000000000000cc                __bss_section_table = .
                0x00000000000000cc        0x4 LONG 0x1ffff080 ADDR (.bss)
                0x00000000000000d0        0x4 LONG 0xec SIZEOF (.bss)
                0x00000000000000d4                __bss_section_table_end = .
                0x00000000000000d4                __section_table_end = .
 *(SORT_BY_ALIGNMENT(.after_vectors*))
 .after_vectors.reset
                0x00000000000000d4       0x4c ./startup/startup_mkl25z4.o
                0x00000000000000d4                ResetISR
 .after_vectors.init_data
                0x0000000000000120       0x12 ./startup/startup_mkl25z4.o
                0x0000000000000120                data_init
 .after_vectors.init_bss
                0x0000000000000132       0x10 ./startup/startup_mkl25z4.o
                0x0000000000000132                bss_init
 .after_vectors
                0x0000000000000142      0x10c ./startup/startup_mkl25z4.o
                0x0000000000000142                NMI_Handler
                0x0000000000000146                SVC_Handler
                0x0000000000000148                PendSV_Handler
                0x000000000000014a                SysTick_Handler
                0x000000000000014c                LPTMR0_DriverIRQHandler
                0x000000000000014c                RTC_Seconds_DriverIRQHandler
                0x000000000000014c                Reserved39_DriverIRQHandler
                0x000000000000014c                DMA0_DriverIRQHandler
                0x000000000000014c                SPI1_DriverIRQHandler
                0x000000000000014c                TPM2_DriverIRQHandler
                0x000000000000014c                TSI0_DriverIRQHandler
                0x000000000000014c                PIT_DriverIRQHandler
                0x000000000000014c                LLWU_DriverIRQHandler
                0x000000000000014c                MCG_DriverIRQHandler
                0x000000000000014c                FTFA_DriverIRQHandler
                0x000000000000014c                IntDefaultHandler
                0x000000000000014c                USB0_DriverIRQHandler
                0x000000000000014c                DAC0_DriverIRQHandler
                0x000000000000014c                LVD_LVW_DriverIRQHandler
                0x000000000000014c                TPM0_DriverIRQHandler
                0x000000000000014c                Reserved20_DriverIRQHandler
                0x000000000000014c                DMA3_DriverIRQHandler
                0x000000000000014c                Reserved45_DriverIRQHandler
                0x000000000000014c                PORTA_DriverIRQHandler
                0x000000000000014c                TPM1_DriverIRQHandler
                0x000000000000014c                RTC_DriverIRQHandler
                0x000000000000014c                DMA1_DriverIRQHandler
                0x000000000000014c                SPI0_DriverIRQHandler
                0x000000000000014c                ADC0_DriverIRQHandler
                0x000000000000014c                CMP0_DriverIRQHandler
                0x000000000000014c                DMA2_DriverIRQHandler
                0x000000000000014c                PORTD_DriverIRQHandler
                0x000000000000014e                DMA0_IRQHandler
                0x0000000000000156                DMA1_IRQHandler
                0x000000000000015e                DMA2_IRQHandler
                0x0000000000000166                DMA3_IRQHandler
                0x000000000000016e                Reserved20_IRQHandler
                0x0000000000000176                FTFA_IRQHandler
                0x000000000000017e                LVD_LVW_IRQHandler
                0x0000000000000186                LLWU_IRQHandler
                0x000000000000018e                I2C0_IRQHandler
                0x0000000000000196                I2C1_IRQHandler
                0x000000000000019e                SPI0_IRQHandler
                0x00000000000001a6                SPI1_IRQHandler
                0x00000000000001ae                UART0_IRQHandler
                0x00000000000001b6                UART1_IRQHandler
                0x00000000000001be                UART2_IRQHandler
                0x00000000000001c6                ADC0_IRQHandler
                0x00000000000001ce                CMP0_IRQHandler
                0x00000000000001d6                TPM0_IRQHandler
                0x00000000000001de                TPM1_IRQHandler
                0x00000000000001e6                TPM2_IRQHandler
                0x00000000000001ee                RTC_IRQHandler
                0x00000000000001f6                RTC_Seconds_IRQHandler
                0x00000000000001fe                PIT_IRQHandler
                0x0000000000000206                Reserved39_IRQHandler
                0x000000000000020e                USB0_IRQHandler
                0x0000000000000216                DAC0_IRQHandler
                0x000000000000021e                TSI0_IRQHandler
                0x0000000000000226                MCG_IRQHandler
                0x000000000000022e                LPTMR0_IRQHandler
                0x0000000000000236                Reserved45_IRQHandler
                0x000000000000023e                PORTA_IRQHandler
                0x0000000000000246                PORTD_IRQHandler
                0x0000000000000400                . = 0x400
 *fill*         0x000000000000024e      0x1b2 ff
                0x0000000000000400                PROVIDE (__FLASH_CONFIG_START__ = .)
 *(SORT_BY_ALIGNMENT(.FlashConfig))
 .FlashConfig   0x0000000000000400       0x10 ./startup/startup_mkl25z4.o
                0x0000000000000400                Flash_Config
                0x0000000000000410                PROVIDE (__FLASH_CONFIG_END__ = .)
                0x0000000000000001                ASSERT (! ((__FLASH_CONFIG_START__ == __FLASH_CONFIG_END__)), Linker Flash Config Support Enabled, but no .FlashConfig section provided within application)
 *(SORT_BY_ALIGNMENT(.text*))
 .text.HardFault_Handler
                0x0000000000000410       0x30 ./source/semihost_hardfault.o
                0x0000000000000410                HardFault_Handler
 .text.i2c_write1
                0x0000000000000440       0xa4 ./source/si7006_driver2.o
                0x0000000000000440                i2c_write1
 .text.i2c_read1
                0x00000000000004e4      0x12c ./source/si7006_driver2.o
                0x00000000000004e4                i2c_read1
 .text.Delay    0x0000000000000610       0x30 ./source/si7006_driver2.o
 .text.MEASURE_RELATIVE_HUMIDITY_NO_HOLD_MASTER_MODE
                0x0000000000000640       0x70 ./source/si7006_driver2.o
                0x0000000000000640                MEASURE_RELATIVE_HUMIDITY_NO_HOLD_MASTER_MODE
 .text.MEASURE_TEMPERATURE_NO_HOLD_MASTER_MODE
                0x00000000000006b0       0xf8 ./source/si7006_driver2.o
                0x00000000000006b0                MEASURE_TEMPERATURE_NO_HOLD_MASTER_MODE
 .text.main     0x00000000000007a8       0x68 ./source/si7006_driver2.o
                0x00000000000007a8                main
 .text.I2C_TransferCommonIRQHandler
                0x0000000000000810       0x54 ./drivers/fsl_i2c.o
 .text.I2C0_DriverIRQHandler
                0x0000000000000864       0x20 ./drivers/fsl_i2c.o
                0x0000000000000864                I2C0_DriverIRQHandler
 .text.I2C1_DriverIRQHandler
                0x0000000000000884       0x20 ./drivers/fsl_i2c.o
                0x0000000000000884                I2C1_DriverIRQHandler
 .text.UART0_DriverIRQHandler
                0x00000000000008a4       0x24 ./drivers/fsl_lpsci.o
                0x00000000000008a4                UART0_DriverIRQHandler
 .text.UART1_DriverIRQHandler
                0x00000000000008c8       0x24 ./drivers/fsl_uart.o
                0x00000000000008c8                UART1_DriverIRQHandler
 .text.UART2_DriverIRQHandler
                0x00000000000008ec       0x24 ./drivers/fsl_uart.o
                0x00000000000008ec                UART2_DriverIRQHandler
 .text.SystemInit
                0x0000000000000910       0x18 ./CMSIS/system_MKL25Z4.o
                0x0000000000000910                SystemInit
 .text.__sys_appexit
                0x0000000000000928        0xc /Applications/MCUXpressoIDE_11.1.0_3209/ide/plugins/com.nxp.mcuxpresso.tools.macosx_11.1.0.201909161352/tools/bin/../lib/gcc/arm-none-eabi/8.3.1/../../../../arm-none-eabi/lib/thumb/v6-m/nofp/libcr_semihost_nf.a(__sys_appexit.o)
                0x0000000000000928                __exit
                0x0000000000000928                __sys_appexit
 .text._deferredlazyseek
                0x0000000000000934       0x40 /Applications/MCUXpressoIDE_11.1.0_3209/ide/plugins/com.nxp.mcuxpresso.tools.macosx_11.1.0.201909161352/tools/bin/../lib/gcc/arm-none-eabi/8.3.1/../../../../arm-none-eabi/lib/thumb/v6-m/nofp/libcr_c.a(_deferredlazyseek.o)
                0x0000000000000934                _deferredlazyseek
 .text.__flsbuf
                0x0000000000000974      0x14c /Applications/MCUXpressoIDE_11.1.0_3209/ide/plugins/com.nxp.mcuxpresso.tools.macosx_11.1.0.201909161352/tools/bin/../lib/gcc/arm-none-eabi/8.3.1/../../../../arm-none-eabi/lib/thumb/v6-m/nofp/libcr_c.a(_deferredlazyseek.o)
                0x0000000000000974                __flsbuf
 .text._fflush  0x0000000000000ac0       0x5c /Applications/MCUXpressoIDE_11.1.0_3209/ide/plugins/com.nxp.mcuxpresso.tools.macosx_11.1.0.201909161352/tools/bin/../lib/gcc/arm-none-eabi/8.3.1/../../../../arm-none-eabi/lib/thumb/v6-m/nofp/libcr_c.a(_fflush.o)
                0x0000000000000ac0                _fflush
 .text._Cwritebuf
                0x0000000000000b1c       0x68 /Applications/MCUXpressoIDE_11.1.0_3209/ide/plugins/com.nxp.mcuxpresso.tools.macosx_11.1.0.201909161352/tools/bin/../lib/gcc/arm-none-eabi/8.3.1/../../../../arm-none-eabi/lib/thumb/v6-m/nofp/libcr_c.a(_writebuf.o)
                0x0000000000000b1c                _Cwritebuf
 .text.malloc   0x0000000000000b84       0xcc /Applications/MCUXpressoIDE_11.1.0_3209/ide/plugins/com.nxp.mcuxpresso.tools.macosx_11.1.0.201909161352/tools/bin/../lib/gcc/arm-none-eabi/8.3.1/../../../../arm-none-eabi/lib/thumb/v6-m/nofp/libcr_c.a(alloc.o)
                0x0000000000000b84                malloc
 .text._Csys_alloc
                0x0000000000000c50       0x20 /Applications/MCUXpressoIDE_11.1.0_3209/ide/plugins/com.nxp.mcuxpresso.tools.macosx_11.1.0.201909161352/tools/bin/../lib/gcc/arm-none-eabi/8.3.1/../../../../arm-none-eabi/lib/thumb/v6-m/nofp/libcr_c.a(alloc.o)
                0x0000000000000c50                _Csys_alloc
 .text.fseek    0x0000000000000c70       0xf0 /Applications/MCUXpressoIDE_11.1.0_3209/ide/plugins/com.nxp.mcuxpresso.tools.macosx_11.1.0.201909161352/tools/bin/../lib/gcc/arm-none-eabi/8.3.1/../../../../arm-none-eabi/lib/thumb/v6-m/nofp/libcr_c.a(fseek.o)
                0x0000000000000c70                fseek
 .text.ftell    0x0000000000000d60       0x48 /Applications/MCUXpressoIDE_11.1.0_3209/ide/plugins/com.nxp.mcuxpresso.tools.macosx_11.1.0.201909161352/tools/bin/../lib/gcc/arm-none-eabi/8.3.1/../../../../arm-none-eabi/lib/thumb/v6-m/nofp/libcr_c.a(ftell.o)
                0x0000000000000d60                ftell
 .text._initio  0x0000000000000da8       0x7c /Applications/MCUXpressoIDE_11.1.0_3209/ide/plugins/com.nxp.mcuxpresso.tools.macosx_11.1.0.201909161352/tools/bin/../lib/gcc/arm-none-eabi/8.3.1/../../../../arm-none-eabi/lib/thumb/v6-m/nofp/libcr_c.a(initio.o)
                0x0000000000000da8                _initio
 .text.__vfprintf
                0x0000000000000e24      0xcd8 /Applications/MCUXpressoIDE_11.1.0_3209/ide/plugins/com.nxp.mcuxpresso.tools.macosx_11.1.0.201909161352/tools/bin/../lib/gcc/arm-none-eabi/8.3.1/../../../../arm-none-eabi/lib/thumb/v6-m/nofp/libcr_c.a(printf.o)
                0x0000000000000e24                __vfprintf
 .text._vsnprintf
                0x0000000000001afc       0x70 /Applications/MCUXpressoIDE_11.1.0_3209/ide/plugins/com.nxp.mcuxpresso.tools.macosx_11.1.0.201909161352/tools/bin/../lib/gcc/arm-none-eabi/8.3.1/../../../../arm-none-eabi/lib/thumb/v6-m/nofp/libcr_c.a(printf.o)
                0x0000000000001afc                _vsnprintf
 .text._printf  0x0000000000001b6c       0x50 /Applications/MCUXpressoIDE_11.1.0_3209/ide/plugins/com.nxp.mcuxpresso.tools.macosx_11.1.0.201909161352/tools/bin/../lib/gcc/arm-none-eabi/8.3.1/../../../../arm-none-eabi/lib/thumb/v6-m/nofp/libcr_c.a(printf.o)
                0x0000000000001b6c                _printf
 .text.setvbuf  0x0000000000001bbc       0x4c /Applications/MCUXpressoIDE_11.1.0_3209/ide/plugins/com.nxp.mcuxpresso.tools.macosx_11.1.0.201909161352/tools/bin/../lib/gcc/arm-none-eabi/8.3.1/../../../../arm-none-eabi/lib/thumb/v6-m/nofp/libcr_c.a(setvbuf.o)
                0x0000000000001bbc                setvbuf
 .text.strlen   0x0000000000001c08       0x58 /Applications/MCUXpressoIDE_11.1.0_3209/ide/plugins/com.nxp.mcuxpresso.tools.macosx_11.1.0.201909161352/tools/bin/../lib/gcc/arm-none-eabi/8.3.1/../../../../arm-none-eabi/lib/thumb/v6-m/nofp/libcr_c.a(strlen.o)
                0x0000000000001c08                strlen
 .text._sbrk    0x0000000000001c60       0x40 /Applications/MCUXpressoIDE_11.1.0_3209/ide/plugins/com.nxp.mcuxpresso.tools.macosx_11.1.0.201909161352/tools/bin/../lib/gcc/arm-none-eabi/8.3.1/../../../../arm-none-eabi/lib/thumb/v6-m/nofp/libcr_c.a(_cr_sbrk.o)
                0x0000000000001c60                _sbrk
 .text._fdopen  0x0000000000001ca0       0x74 /Applications/MCUXpressoIDE_11.1.0_3209/ide/plugins/com.nxp.mcuxpresso.tools.macosx_11.1.0.201909161352/tools/bin/../lib/gcc/arm-none-eabi/8.3.1/../../../../arm-none-eabi/lib/thumb/v6-m/nofp/libcr_c.a(_fdopen.o)
                0x0000000000001ca0                _fdopen
 .text.fclose   0x0000000000001d14       0x5c /Applications/MCUXpressoIDE_11.1.0_3209/ide/plugins/com.nxp.mcuxpresso.tools.macosx_11.1.0.201909161352/tools/bin/../lib/gcc/arm-none-eabi/8.3.1/../../../../arm-none-eabi/lib/thumb/v6-m/nofp/libcr_c.a(fclose.o)
                0x0000000000001d14                fclose
 .text.fflush   0x0000000000001d70       0x44 /Applications/MCUXpressoIDE_11.1.0_3209/ide/plugins/com.nxp.mcuxpresso.tools.macosx_11.1.0.201909161352/tools/bin/../lib/gcc/arm-none-eabi/8.3.1/../../../../arm-none-eabi/lib/thumb/v6-m/nofp/libcr_c.a(fflush.o)
                0x0000000000001d70                fflush
 .text.__check_heap_overflow
                0x0000000000001db4       0x14 /Applications/MCUXpressoIDE_11.1.0_3209/ide/plugins/com.nxp.mcuxpresso.tools.macosx_11.1.0.201909161352/tools/bin/../lib/gcc/arm-none-eabi/8.3.1/../../../../arm-none-eabi/lib/thumb/v6-m/nofp/libcr_c.a(_cr_check_heap.o)
                0x0000000000001db4                __check_heap_overflow
 .text._do_fflush
                0x0000000000001dc8       0x44 /Applications/MCUXpressoIDE_11.1.0_3209/ide/plugins/com.nxp.mcuxpresso.tools.macosx_11.1.0.201909161352/tools/bin/../lib/gcc/arm-none-eabi/8.3.1/../../../../arm-none-eabi/lib/thumb/v6-m/nofp/libcr_c.a(_do_fflush.o)
                0x0000000000001dc8                _do_fflush
 .text.__aeabi_dmul
                0x0000000000001e0c      0x188 /Applications/MCUXpressoIDE_11.1.0_3209/ide/plugins/com.nxp.mcuxpresso.tools.macosx_11.1.0.201909161352/tools/bin/../lib/gcc/arm-none-eabi/8.3.1/thumb/v6-m/nofp/libcr_eabihelpers.a(double.o)
                0x0000000000001e0c                __aeabi_dmul
 .text.__aeabi_ddiv
                0x0000000000001f94      0x148 /Applications/MCUXpressoIDE_11.1.0_3209/ide/plugins/com.nxp.mcuxpresso.tools.macosx_11.1.0.201909161352/tools/bin/../lib/gcc/arm-none-eabi/8.3.1/thumb/v6-m/nofp/libcr_eabihelpers.a(double.o)
                0x0000000000001f94                __aeabi_ddiv
 .text.__aeabi_dsub
                0x00000000000020dc      0x1c4 /Applications/MCUXpressoIDE_11.1.0_3209/ide/plugins/com.nxp.mcuxpresso.tools.macosx_11.1.0.201909161352/tools/bin/../lib/gcc/arm-none-eabi/8.3.1/thumb/v6-m/nofp/libcr_eabihelpers.a(double.o)
                0x00000000000020dc                __aeabi_dsub
 .text.__aeabi_dadd
                0x00000000000022a0      0x12c /Applications/MCUXpressoIDE_11.1.0_3209/ide/plugins/com.nxp.mcuxpresso.tools.macosx_11.1.0.201909161352/tools/bin/../lib/gcc/arm-none-eabi/8.3.1/thumb/v6-m/nofp/libcr_eabihelpers.a(double.o)
                0x00000000000022a0                __aeabi_dadd
 .text.__aeabi_d2iz
                0x00000000000023cc       0x4c /Applications/MCUXpressoIDE_11.1.0_3209/ide/plugins/com.nxp.mcuxpresso.tools.macosx_11.1.0.201909161352/tools/bin/../lib/gcc/arm-none-eabi/8.3.1/thumb/v6-m/nofp/libcr_eabihelpers.a(double.o)
                0x00000000000023cc                __aeabi_d2iz
 .text.__main   0x0000000000002418        0xc /Applications/MCUXpressoIDE_11.1.0_3209/ide/plugins/com.nxp.mcuxpresso.tools.macosx_11.1.0.201909161352/tools/bin/../lib/gcc/arm-none-eabi/8.3.1/../../../../arm-none-eabi/lib/thumb/v6-m/nofp/libcr_semihost_nf.a(_cr__main.o)
                0x0000000000002418                __main
                0x0000000000002418                __CR_SEMIHOST
 .text.memset   0x0000000000002424        0x8 /Applications/MCUXpressoIDE_11.1.0_3209/ide/plugins/com.nxp.mcuxpresso.tools.macosx_11.1.0.201909161352/tools/bin/../lib/gcc/arm-none-eabi/8.3.1/../../../../arm-none-eabi/lib/thumb/v6-m/nofp/libcr_c.a(memset.o)
                0x0000000000002424                memset
 .text.free     0x000000000000242c       0x2c /Applications/MCUXpressoIDE_11.1.0_3209/ide/plugins/com.nxp.mcuxpresso.tools.macosx_11.1.0.201909161352/tools/bin/../lib/gcc/arm-none-eabi/8.3.1/../../../../arm-none-eabi/lib/thumb/v6-m/nofp/libcr_c.a(alloc.o)
                0x000000000000242c                free
 .text.no_fp_display
                0x0000000000002458        0x4 /Applications/MCUXpressoIDE_11.1.0_3209/ide/plugins/com.nxp.mcuxpresso.tools.macosx_11.1.0.201909161352/tools/bin/../lib/gcc/arm-none-eabi/8.3.1/../../../../arm-none-eabi/lib/thumb/v6-m/nofp/libcr_c.a(printf.o)
 .text.remove   0x000000000000245c       0x12 /Applications/MCUXpressoIDE_11.1.0_3209/ide/plugins/com.nxp.mcuxpresso.tools.macosx_11.1.0.201909161352/tools/bin/../lib/gcc/arm-none-eabi/8.3.1/../../../../arm-none-eabi/lib/thumb/v6-m/nofp/libcr_c.a(remove.o)
                0x000000000000245c                remove
 .text.__bhs_ui2d
                0x000000000000246e       0x5e /Applications/MCUXpressoIDE_11.1.0_3209/ide/plugins/com.nxp.mcuxpresso.tools.macosx_11.1.0.201909161352/tools/bin/../lib/gcc/arm-none-eabi/8.3.1/thumb/v6-m/nofp/libcr_eabihelpers.a(double.o)
                0x000000000000246e                __bhs_ui2d
 .text.__aeabi_i2d
                0x00000000000024cc       0x18 /Applications/MCUXpressoIDE_11.1.0_3209/ide/plugins/com.nxp.mcuxpresso.tools.macosx_11.1.0.201909161352/tools/bin/../lib/gcc/arm-none-eabi/8.3.1/thumb/v6-m/nofp/libcr_eabihelpers.a(double.o)
                0x00000000000024cc                __aeabi_i2d
 .text.__aeabi_ui2d
                0x00000000000024e4        0xc /Applications/MCUXpressoIDE_11.1.0_3209/ide/plugins/com.nxp.mcuxpresso.tools.macosx_11.1.0.201909161352/tools/bin/../lib/gcc/arm-none-eabi/8.3.1/thumb/v6-m/nofp/libcr_eabihelpers.a(double.o)
                0x00000000000024e4                __aeabi_ui2d
 .text.__aeabi_llong_lmul
                0x00000000000024f0       0x2e /Applications/MCUXpressoIDE_11.1.0_3209/ide/plugins/com.nxp.mcuxpresso.tools.macosx_11.1.0.201909161352/tools/bin/../lib/gcc/arm-none-eabi/8.3.1/thumb/v6-m/nofp/libcr_eabihelpers.a(llong.o)
                0x00000000000024f0                __aeabi_lmul
 .text.__aeabi_memset_lowlevel
                0x000000000000251e       0x2a /Applications/MCUXpressoIDE_11.1.0_3209/ide/plugins/com.nxp.mcuxpresso.tools.macosx_11.1.0.201909161352/tools/bin/../lib/gcc/arm-none-eabi/8.3.1/thumb/v6-m/nofp/libcr_eabihelpers.a(memcpy.o)
                0x000000000000251e                __aeabi_lowlevel_memset
 .text.__sys_close
                0x0000000000002548        0xc /Applications/MCUXpressoIDE_11.1.0_3209/ide/plugins/com.nxp.mcuxpresso.tools.macosx_11.1.0.201909161352/tools/bin/../lib/gcc/arm-none-eabi/8.3.1/../../../../arm-none-eabi/lib/thumb/v6-m/nofp/libcr_semihost_nf.a(__sys_close.o)
                0x0000000000002548                __sys_close
 .text.__sys_flen
                0x0000000000002554        0xc /Applications/MCUXpressoIDE_11.1.0_3209/ide/plugins/com.nxp.mcuxpresso.tools.macosx_11.1.0.201909161352/tools/bin/../lib/gcc/arm-none-eabi/8.3.1/../../../../arm-none-eabi/lib/thumb/v6-m/nofp/libcr_semihost_nf.a(__sys_flen.o)
                0x0000000000002554                __sys_flen
 .text.__sys_istty
                0x0000000000002560        0xc /Applications/MCUXpressoIDE_11.1.0_3209/ide/plugins/com.nxp.mcuxpresso.tools.macosx_11.1.0.201909161352/tools/bin/../lib/gcc/arm-none-eabi/8.3.1/../../../../arm-none-eabi/lib/thumb/v6-m/nofp/libcr_semihost_nf.a(__sys_istty.o)
                0x0000000000002560                __sys_istty
 .text.__sys_remove
                0x000000000000256c        0xc /Applications/MCUXpressoIDE_11.1.0_3209/ide/plugins/com.nxp.mcuxpresso.tools.macosx_11.1.0.201909161352/tools/bin/../lib/gcc/arm-none-eabi/8.3.1/../../../../arm-none-eabi/lib/thumb/v6-m/nofp/libcr_semihost_nf.a(__sys_remove.o)
                0x000000000000256c                __sys_remove
 .text.__sys_seek
                0x0000000000002578        0xc /Applications/MCUXpressoIDE_11.1.0_3209/ide/plugins/com.nxp.mcuxpresso.tools.macosx_11.1.0.201909161352/tools/bin/../lib/gcc/arm-none-eabi/8.3.1/../../../../arm-none-eabi/lib/thumb/v6-m/nofp/libcr_semihost_nf.a(__sys_seek.o)
                0x0000000000002578                __sys_seek
 .text.__sys_tmpnam
                0x0000000000002584        0xc /Applications/MCUXpressoIDE_11.1.0_3209/ide/plugins/com.nxp.mcuxpresso.tools.macosx_11.1.0.201909161352/tools/bin/../lib/gcc/arm-none-eabi/8.3.1/../../../../arm-none-eabi/lib/thumb/v6-m/nofp/libcr_semihost_nf.a(__sys_tmpnam.o)
                0x0000000000002584                __sys_tmpnam
 .text.__sys_write
                0x0000000000002590        0xc /Applications/MCUXpressoIDE_11.1.0_3209/ide/plugins/com.nxp.mcuxpresso.tools.macosx_11.1.0.201909161352/tools/bin/../lib/gcc/arm-none-eabi/8.3.1/../../../../arm-none-eabi/lib/thumb/v6-m/nofp/libcr_semihost_nf.a(__sys_write.o)
                0x0000000000002590                __sys_write
 *(SORT_BY_ALIGNMENT(.rodata) SORT_BY_ALIGNMENT(.rodata.*) SORT_BY_ALIGNMENT(.constdata) SORT_BY_ALIGNMENT(.constdata.*))
 .rodata.MEASURE_RELATIVE_HUMIDITY_HOLD_MASTER_MODE.str1.4
                0x000000000000259c       0x3d ./source/si7006_driver2.o
 *fill*         0x00000000000025d9        0x3 ff
 .rodata.MEASURE_TEMPERATURE_HOLD_MASTER_MODE.str1.4
                0x00000000000025dc       0x49 ./source/si7006_driver2.o
 *fill*         0x0000000000002625        0x3 ff
 .rodata.MEASURE_RELATIVE_HUMIDITY_NO_HOLD_MASTER_MODE.str1.4
                0x0000000000002628       0x1c ./source/si7006_driver2.o
                                         0x19 (size before relaxing)
 .rodata.__num_Ciob_streams
                0x0000000000002644        0x4 /Applications/MCUXpressoIDE_11.1.0_3209/ide/plugins/com.nxp.mcuxpresso.tools.macosx_11.1.0.201909161352/tools/bin/../lib/gcc/arm-none-eabi/8.3.1/../../../../arm-none-eabi/lib/thumb/v6-m/nofp/libcr_semihost_nf.a(__ciob.o)
                0x0000000000002644                __num_Ciob_streams
 .rodata._Csys_alloc.str1.1
                0x0000000000002648       0x18 /Applications/MCUXpressoIDE_11.1.0_3209/ide/plugins/com.nxp.mcuxpresso.tools.macosx_11.1.0.201909161352/tools/bin/../lib/gcc/arm-none-eabi/8.3.1/../../../../arm-none-eabi/lib/thumb/v6-m/nofp/libcr_c.a(alloc.o)
 .rodata._initio.str1.1
                0x0000000000002660        0x4 /Applications/MCUXpressoIDE_11.1.0_3209/ide/plugins/com.nxp.mcuxpresso.tools.macosx_11.1.0.201909161352/tools/bin/../lib/gcc/arm-none-eabi/8.3.1/../../../../arm-none-eabi/lib/thumb/v6-m/nofp/libcr_c.a(initio.o)
 .rodata.__vfprintf.str1.1
                0x0000000000002664       0x37 /Applications/MCUXpressoIDE_11.1.0_3209/ide/plugins/com.nxp.mcuxpresso.tools.macosx_11.1.0.201909161352/tools/bin/../lib/gcc/arm-none-eabi/8.3.1/../../../../arm-none-eabi/lib/thumb/v6-m/nofp/libcr_c.a(printf.o)
                                         0x38 (size before relaxing)
                0x000000000000269c                . = ALIGN (0x4)
 *fill*         0x000000000000269b        0x1 ff

.glue_7         0x000000000000269c        0x0
 .glue_7        0x000000000000269c        0x0 linker stubs

.glue_7t        0x000000000000269c        0x0
 .glue_7t       0x000000000000269c        0x0 linker stubs

.vfp11_veneer   0x000000000000269c        0x0
 .vfp11_veneer  0x000000000000269c        0x0 linker stubs

.v4_bx          0x000000000000269c        0x0
 .v4_bx         0x000000000000269c        0x0 linker stubs

.iplt           0x000000000000269c        0x0
 .iplt          0x000000000000269c        0x0 ./startup/startup_mkl25z4.o

.rel.dyn        0x000000000000269c        0x0
 .rel.iplt      0x000000000000269c        0x0 ./startup/startup_mkl25z4.o

.ARM.extab
 *(SORT_BY_ALIGNMENT(.ARM.extab*) SORT_BY_ALIGNMENT(.gnu.linkonce.armextab.*))
                0x000000000000269c                __exidx_start = .

.ARM.exidx
 *(SORT_BY_ALIGNMENT(.ARM.exidx*) SORT_BY_ALIGNMENT(.gnu.linkonce.armexidx.*))
                0x000000000000269c                __exidx_end = .
                0x000000000000269c                _etext = .

.m_usb_data
 *(SORT_BY_ALIGNMENT(m_usb_bdt))

.mtb_buffer_default
                0x000000001ffff000       0x80
 *(SORT_BY_ALIGNMENT(.mtb*))
 .mtb.$RAM1     0x000000001ffff000       0x80 ./source/mtb.o
                0x000000001ffff000                __mtb_buffer__

.uninit_RESERVED
                0x000000001ffff080        0x0
                0x000000001ffff080                _start_uninit_RESERVED = .
 *(SORT_BY_ALIGNMENT(.bss.$RESERVED*))
                0x000000001ffff080                . = ALIGN (0x4)
                0x000000001ffff080                _end_uninit_RESERVED = .

.data           0x000000001ffff080        0x0 load address 0x000000000000269c
 FILL mask 0xff
                0x000000001ffff080                _data = .
                [!provide]                        PROVIDE (__start_data_RAM = .)
                [!provide]                        PROVIDE (__start_data_SRAM = .)
 *(SORT_BY_ALIGNMENT(vtable))
 *(SORT_BY_ALIGNMENT(.ramfunc*))
 *(SORT_BY_ALIGNMENT(CodeQuickAccess))
 *(SORT_BY_ALIGNMENT(DataQuickAccess))
 *(SORT_BY_ALIGNMENT(RamFunction))
 *(SORT_BY_ALIGNMENT(.data*))
                0x000000001ffff080                . = ALIGN (0x4)
                0x000000001ffff080                _edata = .
                [!provide]                        PROVIDE (__end_data_RAM = .)
                [!provide]                        PROVIDE (__end_data_SRAM = .)

.igot.plt       0x000000001ffff080        0x0 load address 0x000000000000269c
 .igot.plt      0x000000001ffff080        0x0 ./startup/startup_mkl25z4.o

.bss            0x000000001ffff080       0xec
                0x000000001ffff080                _bss = .
                [!provide]                        PROVIDE (__start_bss_RAM = .)
                [!provide]                        PROVIDE (__start_bss_SRAM = .)
 *(SORT_BY_ALIGNMENT(.bss*))
 .bss.DelayCount
                0x000000001ffff080        0x4 ./source/si7006_driver2.o
                0x000000001ffff080                DelayCount
 .bss.s_i2cHandle
                0x000000001ffff084        0x8 ./drivers/fsl_i2c.o
 .bss.s_i2cMasterIsr
                0x000000001ffff08c        0x4 ./drivers/fsl_i2c.o
 .bss.s_i2cSlaveIsr
                0x000000001ffff090        0x4 ./drivers/fsl_i2c.o
 .bss.s_lpsciHandle
                0x000000001ffff094        0x4 ./drivers/fsl_lpsci.o
 .bss.s_lpsciIsr
                0x000000001ffff098        0x4 ./drivers/fsl_lpsci.o
 .bss.s_uartHandle
                0x000000001ffff09c        0xc ./drivers/fsl_uart.o
 .bss.s_uartIsr
                0x000000001ffff0a8        0x4 ./drivers/fsl_uart.o
 .bss.__Ciob    0x000000001ffff0ac       0xb4 /Applications/MCUXpressoIDE_11.1.0_3209/ide/plugins/com.nxp.mcuxpresso.tools.macosx_11.1.0.201909161352/tools/bin/../lib/gcc/arm-none-eabi/8.3.1/../../../../arm-none-eabi/lib/thumb/v6-m/nofp/libcr_semihost_nf.a(__ciob.o)
                0x000000001ffff0ac                __Ciob
 .bss.__end_of_heap
                0x000000001ffff160        0x4 /Applications/MCUXpressoIDE_11.1.0_3209/ide/plugins/com.nxp.mcuxpresso.tools.macosx_11.1.0.201909161352/tools/bin/../lib/gcc/arm-none-eabi/8.3.1/../../../../arm-none-eabi/lib/thumb/v6-m/nofp/libcr_c.a(__init_alloc.o)
                0x000000001ffff160                __end_of_heap
 .bss.__heaps   0x000000001ffff164        0x4 /Applications/MCUXpressoIDE_11.1.0_3209/ide/plugins/com.nxp.mcuxpresso.tools.macosx_11.1.0.201909161352/tools/bin/../lib/gcc/arm-none-eabi/8.3.1/../../../../arm-none-eabi/lib/thumb/v6-m/nofp/libcr_c.a(__init_alloc.o)
                0x000000001ffff164                __heaps
 .bss.errno     0x000000001ffff168        0x4 /Applications/MCUXpressoIDE_11.1.0_3209/ide/plugins/com.nxp.mcuxpresso.tools.macosx_11.1.0.201909161352/tools/bin/../lib/gcc/arm-none-eabi/8.3.1/../../../../arm-none-eabi/lib/thumb/v6-m/nofp/libcr_c.a(errno.o)
                0x000000001ffff168                errno
 *(SORT_BY_ALIGNMENT(COMMON))
                0x000000001ffff16c                . = ALIGN (0x4)
                0x000000001ffff16c                _ebss = .
                [!provide]                        PROVIDE (__end_bss_RAM = .)
                [!provide]                        PROVIDE (__end_bss_SRAM = .)
                [!provide]                        PROVIDE (end = .)

.noinit         0x000000001ffff16c        0x0
                0x000000001ffff16c                _noinit = .
                [!provide]                        PROVIDE (__start_noinit_RAM = .)
                [!provide]                        PROVIDE (__start_noinit_SRAM = .)
 *(SORT_BY_ALIGNMENT(.noinit*))
                0x000000001ffff16c                . = ALIGN (0x4)
                0x000000001ffff16c                _end_noinit = .
                [!provide]                        PROVIDE (__end_noinit_RAM = .)
                [!provide]                        PROVIDE (__end_noinit_SRAM = .)
                0x0000000000000400                _HeapSize = 0x400

.heap           0x000000001ffff16c      0x400
                0x000000001ffff16c                _pvHeapStart = .
                0x000000001ffff56c                . = (. + _HeapSize)
 *fill*         0x000000001ffff16c      0x400 
                0x000000001ffff56c                . = ALIGN (0x4)
                0x000000001ffff56c                _pvHeapLimit = .
                0x0000000000000400                _StackSize = 0x400

.heap2stackfill
                0x000000001ffff56c      0x400
                0x000000001ffff96c                . = (. + _StackSize)
 *fill*         0x000000001ffff56c      0x400 

.stack          0x0000000020002c00        0x0
                0x0000000020002c00                _vStackBase = .
                0x0000000020002c00                . = ALIGN (0x4)
                0x0000000020003000                _vStackTop = (. + _StackSize)
                0x0000000000000000                _image_start = LOADADDR (.text)
                0x000000000000269c                _image_end = (LOADADDR (.data) + SIZEOF (.data))
                0x000000000000269c                _image_size = (_image_end - _image_start)
OUTPUT(si7006_driver2.axf elf32-littlearm)

.debug_info     0x0000000000000000     0x5c35
 .debug_info    0x0000000000000000      0x4df ./startup/startup_mkl25z4.o
 .debug_info    0x00000000000004df       0x53 ./source/mtb.o
 .debug_info    0x0000000000000532       0x3c ./source/semihost_hardfault.o
 .debug_info    0x000000000000056e      0xf81 ./source/si7006_driver2.o
 .debug_info    0x00000000000014ef     0x1a9a ./drivers/fsl_i2c.o
 .debug_info    0x0000000000002f89     0x1469 ./drivers/fsl_lpsci.o
 .debug_info    0x00000000000043f2     0x140a ./drivers/fsl_uart.o
 .debug_info    0x00000000000057fc      0x439 ./CMSIS/system_MKL25Z4.o

.debug_abbrev   0x0000000000000000      0xfc2
 .debug_abbrev  0x0000000000000000      0x18d ./startup/startup_mkl25z4.o
 .debug_abbrev  0x000000000000018d       0x46 ./source/mtb.o
 .debug_abbrev  0x00000000000001d3       0x31 ./source/semihost_hardfault.o
 .debug_abbrev  0x0000000000000204      0x2ce ./source/si7006_driver2.o
 .debug_abbrev  0x00000000000004d2      0x36e ./drivers/fsl_i2c.o
 .debug_abbrev  0x0000000000000840      0x309 ./drivers/fsl_lpsci.o
 .debug_abbrev  0x0000000000000b49      0x323 ./drivers/fsl_uart.o
 .debug_abbrev  0x0000000000000e6c      0x156 ./CMSIS/system_MKL25Z4.o

.debug_aranges  0x0000000000000000      0x680
 .debug_aranges
                0x0000000000000000      0x160 ./startup/startup_mkl25z4.o
 .debug_aranges
                0x0000000000000160       0x18 ./source/mtb.o
 .debug_aranges
                0x0000000000000178       0x20 ./source/semihost_hardfault.o
 .debug_aranges
                0x0000000000000198      0x100 ./source/si7006_driver2.o
 .debug_aranges
                0x0000000000000298      0x178 ./drivers/fsl_i2c.o
 .debug_aranges
                0x0000000000000410      0x118 ./drivers/fsl_lpsci.o
 .debug_aranges
                0x0000000000000528      0x130 ./drivers/fsl_uart.o
 .debug_aranges
                0x0000000000000658       0x28 ./CMSIS/system_MKL25Z4.o

.debug_ranges   0x0000000000000000      0x5f8
 .debug_ranges  0x0000000000000000      0x150 ./startup/startup_mkl25z4.o
 .debug_ranges  0x0000000000000150       0x10 ./source/semihost_hardfault.o
 .debug_ranges  0x0000000000000160       0xf0 ./source/si7006_driver2.o
 .debug_ranges  0x0000000000000250      0x168 ./drivers/fsl_i2c.o
 .debug_ranges  0x00000000000003b8      0x108 ./drivers/fsl_lpsci.o
 .debug_ranges  0x00000000000004c0      0x120 ./drivers/fsl_uart.o
 .debug_ranges  0x00000000000005e0       0x18 ./CMSIS/system_MKL25Z4.o

.debug_macro    0x0000000000000000      0x90e
 .debug_macro   0x0000000000000000       0x29 ./startup/startup_mkl25z4.o
 .debug_macro   0x0000000000000029       0x2f ./source/mtb.o
 .debug_macro   0x0000000000000058       0x82 ./source/mtb.o
 .debug_macro   0x00000000000000da       0x10 ./source/mtb.o
 .debug_macro   0x00000000000000ea       0x11 ./source/semihost_hardfault.o
 .debug_macro   0x00000000000000fb      0x15a ./source/si7006_driver2.o
 .debug_macro   0x0000000000000255       0xd8 ./source/si7006_driver2.o
 .debug_macro   0x000000000000032d       0x16 ./source/si7006_driver2.o
 .debug_macro   0x0000000000000343       0x10 ./source/si7006_driver2.o
 .debug_macro   0x0000000000000353      0x112 ./source/si7006_driver2.o
 .debug_macro   0x0000000000000465       0x34 ./source/si7006_driver2.o
 .debug_macro   0x0000000000000499       0x10 ./source/si7006_driver2.o
 .debug_macro   0x00000000000004a9       0x16 ./source/si7006_driver2.o
 .debug_macro   0x00000000000004bf       0xe2 ./source/si7006_driver2.o
 .debug_macro   0x00000000000005a1       0xeb ./drivers/fsl_i2c.o
 .debug_macro   0x000000000000068c       0x10 ./drivers/fsl_i2c.o
 .debug_macro   0x000000000000069c       0xec ./drivers/fsl_lpsci.o
 .debug_macro   0x0000000000000788       0xf2 ./drivers/fsl_uart.o
 .debug_macro   0x000000000000087a       0x94 ./CMSIS/system_MKL25Z4.o

.debug_line     0x0000000000000000     0x3fac
 .debug_line    0x0000000000000000      0x1e7 ./startup/startup_mkl25z4.o
 .debug_line    0x00000000000001e7       0xd9 ./source/mtb.o
 .debug_line    0x00000000000002c0       0x5a ./source/semihost_hardfault.o
 .debug_line    0x000000000000031a      0xb81 ./source/si7006_driver2.o
 .debug_line    0x0000000000000e9b     0x12c9 ./drivers/fsl_i2c.o
 .debug_line    0x0000000000002164      0xd85 ./drivers/fsl_lpsci.o
 .debug_line    0x0000000000002ee9      0xd74 ./drivers/fsl_uart.o
 .debug_line    0x0000000000003c5d      0x34f ./CMSIS/system_MKL25Z4.o

.debug_str      0x0000000000000000    0x351b1
 .debug_str     0x0000000000000000     0x317a ./startup/startup_mkl25z4.o
                                       0x31d1 (size before relaxing)
 .debug_str     0x000000000000317a      0x532 ./source/mtb.o
                                       0x32dd (size before relaxing)
 .debug_str     0x00000000000036ac       0x1f ./source/semihost_hardfault.o
                                       0x2dca (size before relaxing)
 .debug_str     0x00000000000036cb    0x2f6b9 ./source/si7006_driver2.o
                                      0x32663 (size before relaxing)
 .debug_str     0x0000000000032d84     0x1029 ./drivers/fsl_i2c.o
                                      0x31ab2 (size before relaxing)
 .debug_str     0x0000000000033dad      0xa63 ./drivers/fsl_lpsci.o
                                      0x318e0 (size before relaxing)
 .debug_str     0x0000000000034810      0x93d ./drivers/fsl_uart.o
                                      0x31903 (size before relaxing)
 .debug_str     0x000000000003514d       0x64 ./CMSIS/system_MKL25Z4.o
                                      0x2fc42 (size before relaxing)

.comment        0x0000000000000000       0x76
 .comment       0x0000000000000000       0x76 ./startup/startup_mkl25z4.o
                                         0x77 (size before relaxing)
 .comment       0x0000000000000076       0x77 ./source/mtb.o
 .comment       0x0000000000000076       0x77 ./source/semihost_hardfault.o
 .comment       0x0000000000000076       0x77 ./source/si7006_driver2.o
 .comment       0x0000000000000076       0x77 ./drivers/fsl_i2c.o
 .comment       0x0000000000000076       0x77 ./drivers/fsl_lpsci.o
 .comment       0x0000000000000076       0x77 ./drivers/fsl_uart.o
 .comment       0x0000000000000076       0x77 ./CMSIS/system_MKL25Z4.o
 .comment       0x0000000000000076       0x77 /Applications/MCUXpressoIDE_11.1.0_3209/ide/plugins/com.nxp.mcuxpresso.tools.macosx_11.1.0.201909161352/tools/bin/../lib/gcc/arm-none-eabi/8.3.1/../../../../arm-none-eabi/lib/thumb/v6-m/nofp/libcr_semihost_nf.a(_cr__main.o)
 .comment       0x0000000000000076       0x77 /Applications/MCUXpressoIDE_11.1.0_3209/ide/plugins/com.nxp.mcuxpresso.tools.macosx_11.1.0.201909161352/tools/bin/../lib/gcc/arm-none-eabi/8.3.1/../../../../arm-none-eabi/lib/thumb/v6-m/nofp/libcr_semihost_nf.a(__ciob.o)
 .comment       0x0000000000000076       0x77 /Applications/MCUXpressoIDE_11.1.0_3209/ide/plugins/com.nxp.mcuxpresso.tools.macosx_11.1.0.201909161352/tools/bin/../lib/gcc/arm-none-eabi/8.3.1/../../../../arm-none-eabi/lib/thumb/v6-m/nofp/libcr_c.a(memset.o)
 .comment       0x0000000000000076       0x77 /Applications/MCUXpressoIDE_11.1.0_3209/ide/plugins/com.nxp.mcuxpresso.tools.macosx_11.1.0.201909161352/tools/bin/../lib/gcc/arm-none-eabi/8.3.1/../../../../arm-none-eabi/lib/thumb/v6-m/nofp/libcr_c.a(_deferredlazyseek.o)
 .comment       0x0000000000000076       0x77 /Applications/MCUXpressoIDE_11.1.0_3209/ide/plugins/com.nxp.mcuxpresso.tools.macosx_11.1.0.201909161352/tools/bin/../lib/gcc/arm-none-eabi/8.3.1/../../../../arm-none-eabi/lib/thumb/v6-m/nofp/libcr_c.a(_fflush.o)
 .comment       0x0000000000000076       0x77 /Applications/MCUXpressoIDE_11.1.0_3209/ide/plugins/com.nxp.mcuxpresso.tools.macosx_11.1.0.201909161352/tools/bin/../lib/gcc/arm-none-eabi/8.3.1/../../../../arm-none-eabi/lib/thumb/v6-m/nofp/libcr_c.a(_writebuf.o)
 .comment       0x0000000000000076       0x77 /Applications/MCUXpressoIDE_11.1.0_3209/ide/plugins/com.nxp.mcuxpresso.tools.macosx_11.1.0.201909161352/tools/bin/../lib/gcc/arm-none-eabi/8.3.1/../../../../arm-none-eabi/lib/thumb/v6-m/nofp/libcr_c.a(alloc.o)
 .comment       0x0000000000000076       0x77 /Applications/MCUXpressoIDE_11.1.0_3209/ide/plugins/com.nxp.mcuxpresso.tools.macosx_11.1.0.201909161352/tools/bin/../lib/gcc/arm-none-eabi/8.3.1/../../../../arm-none-eabi/lib/thumb/v6-m/nofp/libcr_c.a(fseek.o)
 .comment       0x0000000000000076       0x77 /Applications/MCUXpressoIDE_11.1.0_3209/ide/plugins/com.nxp.mcuxpresso.tools.macosx_11.1.0.201909161352/tools/bin/../lib/gcc/arm-none-eabi/8.3.1/../../../../arm-none-eabi/lib/thumb/v6-m/nofp/libcr_c.a(ftell.o)
 .comment       0x0000000000000076       0x77 /Applications/MCUXpressoIDE_11.1.0_3209/ide/plugins/com.nxp.mcuxpresso.tools.macosx_11.1.0.201909161352/tools/bin/../lib/gcc/arm-none-eabi/8.3.1/../../../../arm-none-eabi/lib/thumb/v6-m/nofp/libcr_c.a(initio.o)
 .comment       0x0000000000000076       0x77 /Applications/MCUXpressoIDE_11.1.0_3209/ide/plugins/com.nxp.mcuxpresso.tools.macosx_11.1.0.201909161352/tools/bin/../lib/gcc/arm-none-eabi/8.3.1/../../../../arm-none-eabi/lib/thumb/v6-m/nofp/libcr_c.a(printf.o)
 .comment       0x0000000000000076       0x77 /Applications/MCUXpressoIDE_11.1.0_3209/ide/plugins/com.nxp.mcuxpresso.tools.macosx_11.1.0.201909161352/tools/bin/../lib/gcc/arm-none-eabi/8.3.1/../../../../arm-none-eabi/lib/thumb/v6-m/nofp/libcr_c.a(setvbuf.o)
 .comment       0x0000000000000076       0x77 /Applications/MCUXpressoIDE_11.1.0_3209/ide/plugins/com.nxp.mcuxpresso.tools.macosx_11.1.0.201909161352/tools/bin/../lib/gcc/arm-none-eabi/8.3.1/../../../../arm-none-eabi/lib/thumb/v6-m/nofp/libcr_c.a(strlen.o)
 .comment       0x0000000000000076       0x77 /Applications/MCUXpressoIDE_11.1.0_3209/ide/plugins/com.nxp.mcuxpresso.tools.macosx_11.1.0.201909161352/tools/bin/../lib/gcc/arm-none-eabi/8.3.1/../../../../arm-none-eabi/lib/thumb/v6-m/nofp/libcr_c.a(__init_alloc.o)
 .comment       0x0000000000000076       0x77 /Applications/MCUXpressoIDE_11.1.0_3209/ide/plugins/com.nxp.mcuxpresso.tools.macosx_11.1.0.201909161352/tools/bin/../lib/gcc/arm-none-eabi/8.3.1/../../../../arm-none-eabi/lib/thumb/v6-m/nofp/libcr_c.a(_cr_sbrk.o)
 .comment       0x0000000000000076       0x77 /Applications/MCUXpressoIDE_11.1.0_3209/ide/plugins/com.nxp.mcuxpresso.tools.macosx_11.1.0.201909161352/tools/bin/../lib/gcc/arm-none-eabi/8.3.1/../../../../arm-none-eabi/lib/thumb/v6-m/nofp/libcr_c.a(_fdopen.o)
 .comment       0x0000000000000076       0x77 /Applications/MCUXpressoIDE_11.1.0_3209/ide/plugins/com.nxp.mcuxpresso.tools.macosx_11.1.0.201909161352/tools/bin/../lib/gcc/arm-none-eabi/8.3.1/../../../../arm-none-eabi/lib/thumb/v6-m/nofp/libcr_c.a(errno.o)
 .comment       0x0000000000000076       0x77 /Applications/MCUXpressoIDE_11.1.0_3209/ide/plugins/com.nxp.mcuxpresso.tools.macosx_11.1.0.201909161352/tools/bin/../lib/gcc/arm-none-eabi/8.3.1/../../../../arm-none-eabi/lib/thumb/v6-m/nofp/libcr_c.a(fclose.o)
 .comment       0x0000000000000076       0x77 /Applications/MCUXpressoIDE_11.1.0_3209/ide/plugins/com.nxp.mcuxpresso.tools.macosx_11.1.0.201909161352/tools/bin/../lib/gcc/arm-none-eabi/8.3.1/../../../../arm-none-eabi/lib/thumb/v6-m/nofp/libcr_c.a(fflush.o)
 .comment       0x0000000000000076       0x77 /Applications/MCUXpressoIDE_11.1.0_3209/ide/plugins/com.nxp.mcuxpresso.tools.macosx_11.1.0.201909161352/tools/bin/../lib/gcc/arm-none-eabi/8.3.1/../../../../arm-none-eabi/lib/thumb/v6-m/nofp/libcr_c.a(remove.o)
 .comment       0x0000000000000076       0x77 /Applications/MCUXpressoIDE_11.1.0_3209/ide/plugins/com.nxp.mcuxpresso.tools.macosx_11.1.0.201909161352/tools/bin/../lib/gcc/arm-none-eabi/8.3.1/../../../../arm-none-eabi/lib/thumb/v6-m/nofp/libcr_c.a(_cr_check_heap.o)
 .comment       0x0000000000000076       0x77 /Applications/MCUXpressoIDE_11.1.0_3209/ide/plugins/com.nxp.mcuxpresso.tools.macosx_11.1.0.201909161352/tools/bin/../lib/gcc/arm-none-eabi/8.3.1/../../../../arm-none-eabi/lib/thumb/v6-m/nofp/libcr_c.a(_do_fflush.o)
 .comment       0x0000000000000076       0x77 /Applications/MCUXpressoIDE_11.1.0_3209/ide/plugins/com.nxp.mcuxpresso.tools.macosx_11.1.0.201909161352/tools/bin/../lib/gcc/arm-none-eabi/8.3.1/thumb/v6-m/nofp/libcr_eabihelpers.a(double.o)

.ARM.attributes
                0x0000000000000000       0x2a
 .ARM.attributes
                0x0000000000000000       0x2c ./startup/startup_mkl25z4.o
 .ARM.attributes
                0x000000000000002c       0x32 ./source/mtb.o
 .ARM.attributes
                0x000000000000005e       0x2c ./source/semihost_hardfault.o
 .ARM.attributes
                0x000000000000008a       0x2c ./source/si7006_driver2.o
 .ARM.attributes
                0x00000000000000b6       0x2c ./drivers/fsl_i2c.o
 .ARM.attributes
                0x00000000000000e2       0x2c ./drivers/fsl_lpsci.o
 .ARM.attributes
                0x000000000000010e       0x2c ./drivers/fsl_uart.o
 .ARM.attributes
                0x000000000000013a       0x2c ./CMSIS/system_MKL25Z4.o
 .ARM.attributes
                0x0000000000000166       0x2c /Applications/MCUXpressoIDE_11.1.0_3209/ide/plugins/com.nxp.mcuxpresso.tools.macosx_11.1.0.201909161352/tools/bin/../lib/gcc/arm-none-eabi/8.3.1/../../../../arm-none-eabi/lib/thumb/v6-m/nofp/libcr_semihost_nf.a(_cr__main.o)
 .ARM.attributes
                0x0000000000000192       0x31 /Applications/MCUXpressoIDE_11.1.0_3209/ide/plugins/com.nxp.mcuxpresso.tools.macosx_11.1.0.201909161352/tools/bin/../lib/gcc/arm-none-eabi/8.3.1/../../../../arm-none-eabi/lib/thumb/v6-m/nofp/libcr_semihost_nf.a(__ciob.o)
 .ARM.attributes
                0x00000000000001c3       0x1c /Applications/MCUXpressoIDE_11.1.0_3209/ide/plugins/com.nxp.mcuxpresso.tools.macosx_11.1.0.201909161352/tools/bin/../lib/gcc/arm-none-eabi/8.3.1/../../../../arm-none-eabi/lib/thumb/v6-m/nofp/libcr_semihost_nf.a(__sys_appexit.o)
 .ARM.attributes
                0x00000000000001df       0x2c /Applications/MCUXpressoIDE_11.1.0_3209/ide/plugins/com.nxp.mcuxpresso.tools.macosx_11.1.0.201909161352/tools/bin/../lib/gcc/arm-none-eabi/8.3.1/../../../../arm-none-eabi/lib/thumb/v6-m/nofp/libcr_c.a(memset.o)
 .ARM.attributes
                0x000000000000020b       0x2c /Applications/MCUXpressoIDE_11.1.0_3209/ide/plugins/com.nxp.mcuxpresso.tools.macosx_11.1.0.201909161352/tools/bin/../lib/gcc/arm-none-eabi/8.3.1/../../../../arm-none-eabi/lib/thumb/v6-m/nofp/libcr_c.a(_deferredlazyseek.o)
 .ARM.attributes
                0x0000000000000237       0x2c /Applications/MCUXpressoIDE_11.1.0_3209/ide/plugins/com.nxp.mcuxpresso.tools.macosx_11.1.0.201909161352/tools/bin/../lib/gcc/arm-none-eabi/8.3.1/../../../../arm-none-eabi/lib/thumb/v6-m/nofp/libcr_c.a(_fflush.o)
 .ARM.attributes
                0x0000000000000263       0x2c /Applications/MCUXpressoIDE_11.1.0_3209/ide/plugins/com.nxp.mcuxpresso.tools.macosx_11.1.0.201909161352/tools/bin/../lib/gcc/arm-none-eabi/8.3.1/../../../../arm-none-eabi/lib/thumb/v6-m/nofp/libcr_c.a(_writebuf.o)
 .ARM.attributes
                0x000000000000028f       0x2c /Applications/MCUXpressoIDE_11.1.0_3209/ide/plugins/com.nxp.mcuxpresso.tools.macosx_11.1.0.201909161352/tools/bin/../lib/gcc/arm-none-eabi/8.3.1/../../../../arm-none-eabi/lib/thumb/v6-m/nofp/libcr_c.a(alloc.o)
 .ARM.attributes
                0x00000000000002bb       0x2c /Applications/MCUXpressoIDE_11.1.0_3209/ide/plugins/com.nxp.mcuxpresso.tools.macosx_11.1.0.201909161352/tools/bin/../lib/gcc/arm-none-eabi/8.3.1/../../../../arm-none-eabi/lib/thumb/v6-m/nofp/libcr_c.a(fseek.o)
 .ARM.attributes
                0x00000000000002e7       0x2c /Applications/MCUXpressoIDE_11.1.0_3209/ide/plugins/com.nxp.mcuxpresso.tools.macosx_11.1.0.201909161352/tools/bin/../lib/gcc/arm-none-eabi/8.3.1/../../../../arm-none-eabi/lib/thumb/v6-m/nofp/libcr_c.a(ftell.o)
 .ARM.attributes
                0x0000000000000313       0x2c /Applications/MCUXpressoIDE_11.1.0_3209/ide/plugins/com.nxp.mcuxpresso.tools.macosx_11.1.0.201909161352/tools/bin/../lib/gcc/arm-none-eabi/8.3.1/../../../../arm-none-eabi/lib/thumb/v6-m/nofp/libcr_c.a(initio.o)
 .ARM.attributes
                0x000000000000033f       0x2c /Applications/MCUXpressoIDE_11.1.0_3209/ide/plugins/com.nxp.mcuxpresso.tools.macosx_11.1.0.201909161352/tools/bin/../lib/gcc/arm-none-eabi/8.3.1/../../../../arm-none-eabi/lib/thumb/v6-m/nofp/libcr_c.a(printf.o)
 .ARM.attributes
                0x000000000000036b       0x2c /Applications/MCUXpressoIDE_11.1.0_3209/ide/plugins/com.nxp.mcuxpresso.tools.macosx_11.1.0.201909161352/tools/bin/../lib/gcc/arm-none-eabi/8.3.1/../../../../arm-none-eabi/lib/thumb/v6-m/nofp/libcr_c.a(setvbuf.o)
 .ARM.attributes
                0x0000000000000397       0x2c /Applications/MCUXpressoIDE_11.1.0_3209/ide/plugins/com.nxp.mcuxpresso.tools.macosx_11.1.0.201909161352/tools/bin/../lib/gcc/arm-none-eabi/8.3.1/../../../../arm-none-eabi/lib/thumb/v6-m/nofp/libcr_c.a(strlen.o)
 .ARM.attributes
                0x00000000000003c3       0x2c /Applications/MCUXpressoIDE_11.1.0_3209/ide/plugins/com.nxp.mcuxpresso.tools.macosx_11.1.0.201909161352/tools/bin/../lib/gcc/arm-none-eabi/8.3.1/../../../../arm-none-eabi/lib/thumb/v6-m/nofp/libcr_c.a(__init_alloc.o)
 .ARM.attributes
                0x00000000000003ef       0x2c /Applications/MCUXpressoIDE_11.1.0_3209/ide/plugins/com.nxp.mcuxpresso.tools.macosx_11.1.0.201909161352/tools/bin/../lib/gcc/arm-none-eabi/8.3.1/../../../../arm-none-eabi/lib/thumb/v6-m/nofp/libcr_c.a(_cr_sbrk.o)
 .ARM.attributes
                0x000000000000041b       0x2c /Applications/MCUXpressoIDE_11.1.0_3209/ide/plugins/com.nxp.mcuxpresso.tools.macosx_11.1.0.201909161352/tools/bin/../lib/gcc/arm-none-eabi/8.3.1/../../../../arm-none-eabi/lib/thumb/v6-m/nofp/libcr_c.a(_fdopen.o)
 .ARM.attributes
                0x0000000000000447       0x31 /Applications/MCUXpressoIDE_11.1.0_3209/ide/plugins/com.nxp.mcuxpresso.tools.macosx_11.1.0.201909161352/tools/bin/../lib/gcc/arm-none-eabi/8.3.1/../../../../arm-none-eabi/lib/thumb/v6-m/nofp/libcr_c.a(errno.o)
 .ARM.attributes
                0x0000000000000478       0x2c /Applications/MCUXpressoIDE_11.1.0_3209/ide/plugins/com.nxp.mcuxpresso.tools.macosx_11.1.0.201909161352/tools/bin/../lib/gcc/arm-none-eabi/8.3.1/../../../../arm-none-eabi/lib/thumb/v6-m/nofp/libcr_c.a(fclose.o)
 .ARM.attributes
                0x00000000000004a4       0x2c /Applications/MCUXpressoIDE_11.1.0_3209/ide/plugins/com.nxp.mcuxpresso.tools.macosx_11.1.0.201909161352/tools/bin/../lib/gcc/arm-none-eabi/8.3.1/../../../../arm-none-eabi/lib/thumb/v6-m/nofp/libcr_c.a(fflush.o)
 .ARM.attributes
                0x00000000000004d0       0x2c /Applications/MCUXpressoIDE_11.1.0_3209/ide/plugins/com.nxp.mcuxpresso.tools.macosx_11.1.0.201909161352/tools/bin/../lib/gcc/arm-none-eabi/8.3.1/../../../../arm-none-eabi/lib/thumb/v6-m/nofp/libcr_c.a(remove.o)
 .ARM.attributes
                0x00000000000004fc       0x2c /Applications/MCUXpressoIDE_11.1.0_3209/ide/plugins/com.nxp.mcuxpresso.tools.macosx_11.1.0.201909161352/tools/bin/../lib/gcc/arm-none-eabi/8.3.1/../../../../arm-none-eabi/lib/thumb/v6-m/nofp/libcr_c.a(_cr_check_heap.o)
 .ARM.attributes
                0x0000000000000528       0x2c /Applications/MCUXpressoIDE_11.1.0_3209/ide/plugins/com.nxp.mcuxpresso.tools.macosx_11.1.0.201909161352/tools/bin/../lib/gcc/arm-none-eabi/8.3.1/../../../../arm-none-eabi/lib/thumb/v6-m/nofp/libcr_c.a(_do_fflush.o)
 .ARM.attributes
                0x0000000000000554       0x2c /Applications/MCUXpressoIDE_11.1.0_3209/ide/plugins/com.nxp.mcuxpresso.tools.macosx_11.1.0.201909161352/tools/bin/../lib/gcc/arm-none-eabi/8.3.1/thumb/v6-m/nofp/libcr_eabihelpers.a(double.o)
 .ARM.attributes
                0x0000000000000580       0x1c /Applications/MCUXpressoIDE_11.1.0_3209/ide/plugins/com.nxp.mcuxpresso.tools.macosx_11.1.0.201909161352/tools/bin/../lib/gcc/arm-none-eabi/8.3.1/thumb/v6-m/nofp/libcr_eabihelpers.a(llong.o)
 .ARM.attributes
                0x000000000000059c       0x1c /Applications/MCUXpressoIDE_11.1.0_3209/ide/plugins/com.nxp.mcuxpresso.tools.macosx_11.1.0.201909161352/tools/bin/../lib/gcc/arm-none-eabi/8.3.1/thumb/v6-m/nofp/libcr_eabihelpers.a(memcpy.o)
 .ARM.attributes
                0x00000000000005b8       0x1c /Applications/MCUXpressoIDE_11.1.0_3209/ide/plugins/com.nxp.mcuxpresso.tools.macosx_11.1.0.201909161352/tools/bin/../lib/gcc/arm-none-eabi/8.3.1/../../../../arm-none-eabi/lib/thumb/v6-m/nofp/libcr_semihost_nf.a(__sys_close.o)
 .ARM.attributes
                0x00000000000005d4       0x1c /Applications/MCUXpressoIDE_11.1.0_3209/ide/plugins/com.nxp.mcuxpresso.tools.macosx_11.1.0.201909161352/tools/bin/../lib/gcc/arm-none-eabi/8.3.1/../../../../arm-none-eabi/lib/thumb/v6-m/nofp/libcr_semihost_nf.a(__sys_flen.o)
 .ARM.attributes
                0x00000000000005f0       0x1c /Applications/MCUXpressoIDE_11.1.0_3209/ide/plugins/com.nxp.mcuxpresso.tools.macosx_11.1.0.201909161352/tools/bin/../lib/gcc/arm-none-eabi/8.3.1/../../../../arm-none-eabi/lib/thumb/v6-m/nofp/libcr_semihost_nf.a(__sys_istty.o)
 .ARM.attributes
                0x000000000000060c       0x1c /Applications/MCUXpressoIDE_11.1.0_3209/ide/plugins/com.nxp.mcuxpresso.tools.macosx_11.1.0.201909161352/tools/bin/../lib/gcc/arm-none-eabi/8.3.1/../../../../arm-none-eabi/lib/thumb/v6-m/nofp/libcr_semihost_nf.a(__sys_remove.o)
 .ARM.attributes
                0x0000000000000628       0x1c /Applications/MCUXpressoIDE_11.1.0_3209/ide/plugins/com.nxp.mcuxpresso.tools.macosx_11.1.0.201909161352/tools/bin/../lib/gcc/arm-none-eabi/8.3.1/../../../../arm-none-eabi/lib/thumb/v6-m/nofp/libcr_semihost_nf.a(__sys_seek.o)
 .ARM.attributes
                0x0000000000000644       0x1c /Applications/MCUXpressoIDE_11.1.0_3209/ide/plugins/com.nxp.mcuxpresso.tools.macosx_11.1.0.201909161352/tools/bin/../lib/gcc/arm-none-eabi/8.3.1/../../../../arm-none-eabi/lib/thumb/v6-m/nofp/libcr_semihost_nf.a(__sys_tmpnam.o)
 .ARM.attributes
                0x0000000000000660       0x1c /Applications/MCUXpressoIDE_11.1.0_3209/ide/plugins/com.nxp.mcuxpresso.tools.macosx_11.1.0.201909161352/tools/bin/../lib/gcc/arm-none-eabi/8.3.1/../../../../arm-none-eabi/lib/thumb/v6-m/nofp/libcr_semihost_nf.a(__sys_write.o)

.debug_frame    0x0000000000000000     0x15d0
 .debug_frame   0x0000000000000000      0x3b0 ./startup/startup_mkl25z4.o
 .debug_frame   0x00000000000003b0       0x20 ./source/semihost_hardfault.o
 .debug_frame   0x00000000000003d0      0x3a8 ./source/si7006_driver2.o
 .debug_frame   0x0000000000000778      0x58c ./drivers/fsl_i2c.o
 .debug_frame   0x0000000000000d04      0x418 ./drivers/fsl_lpsci.o
 .debug_frame   0x000000000000111c      0x468 ./drivers/fsl_uart.o
 .debug_frame   0x0000000000001584       0x4c ./CMSIS/system_MKL25Z4.o

Cross Reference Table

Symbol                                            File
ADC0_DriverIRQHandler                             ./startup/startup_mkl25z4.o
ADC0_IRQHandler                                   ./startup/startup_mkl25z4.o
BOARD_BootClockRUN                                ./board/clock_config.o
BOARD_BootClockVLPR                               ./board/clock_config.o
BOARD_InitBootClocks                              ./board/clock_config.o
BOARD_InitBootPeripherals                         ./board/peripherals.o
BOARD_InitBootPins                                ./board/pin_mux.o
BOARD_InitDebugConsole                            ./board/board.o
BOARD_InitPins                                    ./board/pin_mux.o
CLOCK_BootToBlpeMode                              ./drivers/fsl_clock.o
CLOCK_BootToBlpiMode                              ./drivers/fsl_clock.o
                                                  ./board/clock_config.o
CLOCK_BootToFeeMode                               ./drivers/fsl_clock.o
CLOCK_BootToFeiMode                               ./drivers/fsl_clock.o
CLOCK_BootToPeeMode                               ./drivers/fsl_clock.o
                                                  ./board/clock_config.o
CLOCK_CalcPllDiv                                  ./drivers/fsl_clock.o
CLOCK_ClearStatusFlags                            ./drivers/fsl_clock.o
CLOCK_DeinitOsc0                                  ./drivers/fsl_clock.o
CLOCK_EnablePll0                                  ./drivers/fsl_clock.o
CLOCK_EnableUsbfs0Clock                           ./drivers/fsl_clock.o
CLOCK_ExternalModeToFbeModeQuick                  ./drivers/fsl_clock.o
CLOCK_FllStableDelay                              ./drivers/fsl_clock.o
CLOCK_GetBusClkFreq                               ./drivers/fsl_clock.o
CLOCK_GetCoreSysClkFreq                           ./drivers/fsl_clock.o
CLOCK_GetEr32kClkFreq                             ./drivers/fsl_clock.o
CLOCK_GetFixedFreqClkFreq                         ./drivers/fsl_clock.o
CLOCK_GetFlashClkFreq                             ./drivers/fsl_clock.o
CLOCK_GetFllFreq                                  ./drivers/fsl_clock.o
CLOCK_GetFreq                                     ./drivers/fsl_clock.o
CLOCK_GetInternalRefClkFreq                       ./drivers/fsl_clock.o
CLOCK_GetMode                                     ./drivers/fsl_clock.o
CLOCK_GetOsc0ErClkFreq                            ./drivers/fsl_clock.o
CLOCK_GetOutClkFreq                               ./drivers/fsl_clock.o
CLOCK_GetPlatClkFreq                              ./drivers/fsl_clock.o
CLOCK_GetPll0Freq                                 ./drivers/fsl_clock.o
CLOCK_GetPllFllSelClkFreq                         ./drivers/fsl_clock.o
                                                  ./board/board.o
CLOCK_GetStatusFlags                              ./drivers/fsl_clock.o
CLOCK_InitOsc0                                    ./drivers/fsl_clock.o
                                                  ./board/clock_config.o
CLOCK_InternalModeToFbiModeQuick                  ./drivers/fsl_clock.o
CLOCK_SetBlpeMode                                 ./drivers/fsl_clock.o
CLOCK_SetBlpiMode                                 ./drivers/fsl_clock.o
CLOCK_SetExternalRefClkConfig                     ./drivers/fsl_clock.o
CLOCK_SetFbeMode                                  ./drivers/fsl_clock.o
CLOCK_SetFbiMode                                  ./drivers/fsl_clock.o
CLOCK_SetFeeMode                                  ./drivers/fsl_clock.o
CLOCK_SetFeiMode                                  ./drivers/fsl_clock.o
CLOCK_SetInternalRefClkConfig                     ./drivers/fsl_clock.o
                                                  ./board/clock_config.o
CLOCK_SetMcgConfig                                ./drivers/fsl_clock.o
CLOCK_SetOsc0MonitorMode                          ./drivers/fsl_clock.o
CLOCK_SetPbeMode                                  ./drivers/fsl_clock.o
CLOCK_SetPeeMode                                  ./drivers/fsl_clock.o
CLOCK_SetPll0MonitorMode                          ./drivers/fsl_clock.o
CLOCK_SetSimConfig                                ./drivers/fsl_clock.o
                                                  ./board/clock_config.o
CLOCK_TrimInternalRefClk                          ./drivers/fsl_clock.o
CMP0_DriverIRQHandler                             ./startup/startup_mkl25z4.o
CMP0_IRQHandler                                   ./startup/startup_mkl25z4.o
DAC0_DriverIRQHandler                             ./startup/startup_mkl25z4.o
DAC0_IRQHandler                                   ./startup/startup_mkl25z4.o
DMA0_DriverIRQHandler                             ./startup/startup_mkl25z4.o
DMA0_IRQHandler                                   ./startup/startup_mkl25z4.o
DMA1_DriverIRQHandler                             ./startup/startup_mkl25z4.o
DMA1_IRQHandler                                   ./startup/startup_mkl25z4.o
DMA2_DriverIRQHandler                             ./startup/startup_mkl25z4.o
DMA2_IRQHandler                                   ./startup/startup_mkl25z4.o
DMA3_DriverIRQHandler                             ./startup/startup_mkl25z4.o
DMA3_IRQHandler                                   ./startup/startup_mkl25z4.o
DbgConsole_Deinit                                 ./utilities/fsl_debug_console.o
DbgConsole_Init                                   ./utilities/fsl_debug_console.o
                                                  ./board/board.o
DelayCount                                        ./source/si7006_driver2.o
FLASH_Erase                                       ./drivers/fsl_flash.o
FLASH_EraseAll                                    ./drivers/fsl_flash.o
FLASH_EraseAllExecuteOnlySegments                 ./drivers/fsl_flash.o
FLASH_GetProperty                                 ./drivers/fsl_flash.o
FLASH_GetSecurityState                            ./drivers/fsl_flash.o
FLASH_Init                                        ./drivers/fsl_flash.o
FLASH_IsExecuteOnly                               ./drivers/fsl_flash.o
FLASH_IsProtected                                 ./drivers/fsl_flash.o
FLASH_PflashGetPrefetchSpeculation                ./drivers/fsl_flash.o
FLASH_PflashGetProtection                         ./drivers/fsl_flash.o
FLASH_PflashSetPrefetchSpeculation                ./drivers/fsl_flash.o
                                                  ./drivers/fsl_smc.o
FLASH_PflashSetProtection                         ./drivers/fsl_flash.o
FLASH_PrepareExecuteInRamFunctions                ./drivers/fsl_flash.o
FLASH_Program                                     ./drivers/fsl_flash.o
FLASH_ProgramOnce                                 ./drivers/fsl_flash.o
FLASH_ReadOnce                                    ./drivers/fsl_flash.o
FLASH_ReadResource                                ./drivers/fsl_flash.o
FLASH_SecurityBypass                              ./drivers/fsl_flash.o
FLASH_SetCallback                                 ./drivers/fsl_flash.o
FLASH_SetProperty                                 ./drivers/fsl_flash.o
FLASH_VerifyErase                                 ./drivers/fsl_flash.o
FLASH_VerifyEraseAll                              ./drivers/fsl_flash.o
FLASH_VerifyEraseAllExecuteOnlySegments           ./drivers/fsl_flash.o
FLASH_VerifyProgram                               ./drivers/fsl_flash.o
FTFA_DriverIRQHandler                             ./startup/startup_mkl25z4.o
FTFA_IRQHandler                                   ./startup/startup_mkl25z4.o
Flash_Config                                      ./startup/startup_mkl25z4.o
GPIO_ClearPinsInterruptFlags                      ./drivers/fsl_gpio.o
GPIO_GetPinsInterruptFlags                        ./drivers/fsl_gpio.o
GPIO_PinInit                                      ./drivers/fsl_gpio.o
HEATER_CURRENT_15mA                               ./source/si7006_driver2.o
HEATER_CURRENT_27mA                               ./source/si7006_driver2.o
HEATER_CURRENT_3mA                                ./source/si7006_driver2.o
HEATER_CURRENT_51mA                               ./source/si7006_driver2.o
HEATER_CURRENT_94mA                               ./source/si7006_driver2.o
HEATER_CURRENT_9mA                                ./source/si7006_driver2.o
HEATER_DISABLED                                   ./source/si7006_driver2.o
HEATER_ENABLED                                    ./source/si7006_driver2.o
HardFault_Handler                                 ./source/semihost_hardfault.o
                                                  ./startup/startup_mkl25z4.o
I2C0_DriverIRQHandler                             ./drivers/fsl_i2c.o
                                                  ./startup/startup_mkl25z4.o
I2C0_IRQHandler                                   ./startup/startup_mkl25z4.o
I2C1_DriverIRQHandler                             ./drivers/fsl_i2c.o
                                                  ./startup/startup_mkl25z4.o
I2C1_IRQHandler                                   ./startup/startup_mkl25z4.o
I2C_DisableInterrupts                             ./drivers/fsl_i2c.o
I2C_EnableInterrupts                              ./drivers/fsl_i2c.o
I2C_GetInstance                                   ./drivers/fsl_i2c.o
I2C_MasterDeinit                                  ./drivers/fsl_i2c.o
I2C_MasterGetDefaultConfig                        ./drivers/fsl_i2c.o
I2C_MasterGetStatusFlags                          ./drivers/fsl_i2c.o
I2C_MasterInit                                    ./drivers/fsl_i2c.o
I2C_MasterReadBlocking                            ./drivers/fsl_i2c.o
I2C_MasterRepeatedStart                           ./drivers/fsl_i2c.o
I2C_MasterSetBaudRate                             ./drivers/fsl_i2c.o
I2C_MasterStart                                   ./drivers/fsl_i2c.o
I2C_MasterStop                                    ./drivers/fsl_i2c.o
I2C_MasterTransferAbort                           ./drivers/fsl_i2c.o
I2C_MasterTransferBlocking                        ./drivers/fsl_i2c.o
I2C_MasterTransferCreateHandle                    ./drivers/fsl_i2c.o
I2C_MasterTransferGetCount                        ./drivers/fsl_i2c.o
I2C_MasterTransferHandleIRQ                       ./drivers/fsl_i2c.o
I2C_MasterTransferNonBlocking                     ./drivers/fsl_i2c.o
I2C_MasterWriteBlocking                           ./drivers/fsl_i2c.o
I2C_SlaveDeinit                                   ./drivers/fsl_i2c.o
I2C_SlaveGetDefaultConfig                         ./drivers/fsl_i2c.o
I2C_SlaveInit                                     ./drivers/fsl_i2c.o
I2C_SlaveReadBlocking                             ./drivers/fsl_i2c.o
I2C_SlaveTransferAbort                            ./drivers/fsl_i2c.o
I2C_SlaveTransferCreateHandle                     ./drivers/fsl_i2c.o
I2C_SlaveTransferGetCount                         ./drivers/fsl_i2c.o
I2C_SlaveTransferHandleIRQ                        ./drivers/fsl_i2c.o
I2C_SlaveTransferNonBlocking                      ./drivers/fsl_i2c.o
I2C_SlaveWriteBlocking                            ./drivers/fsl_i2c.o
InstallIRQHandler                                 ./drivers/fsl_common.o
IntDefaultHandler                                 ./startup/startup_mkl25z4.o
LLWU_DriverIRQHandler                             ./startup/startup_mkl25z4.o
LLWU_IRQHandler                                   ./startup/startup_mkl25z4.o
LPSCI_ClearStatusFlags                            ./drivers/fsl_lpsci.o
LPSCI_Deinit                                      ./drivers/fsl_lpsci.o
                                                  ./utilities/fsl_debug_console.o
LPSCI_DisableInterrupts                           ./drivers/fsl_lpsci.o
LPSCI_EnableInterrupts                            ./drivers/fsl_lpsci.o
LPSCI_GetDefaultConfig                            ./drivers/fsl_lpsci.o
                                                  ./utilities/fsl_debug_console.o
LPSCI_GetEnabledInterrupts                        ./drivers/fsl_lpsci.o
LPSCI_GetInstance                                 ./drivers/fsl_lpsci.o
LPSCI_GetStatusFlags                              ./drivers/fsl_lpsci.o
LPSCI_Init                                        ./drivers/fsl_lpsci.o
                                                  ./utilities/fsl_debug_console.o
LPSCI_ReadBlocking                                ./drivers/fsl_lpsci.o
                                                  ./utilities/fsl_debug_console.o
LPSCI_SetBaudRate                                 ./drivers/fsl_lpsci.o
LPSCI_TransferAbortReceive                        ./drivers/fsl_lpsci.o
LPSCI_TransferAbortSend                           ./drivers/fsl_lpsci.o
LPSCI_TransferCreateHandle                        ./drivers/fsl_lpsci.o
LPSCI_TransferGetReceiveCount                     ./drivers/fsl_lpsci.o
LPSCI_TransferGetSendCount                        ./drivers/fsl_lpsci.o
LPSCI_TransferHandleErrorIRQ                      ./drivers/fsl_lpsci.o
LPSCI_TransferHandleIRQ                           ./drivers/fsl_lpsci.o
LPSCI_TransferReceiveNonBlocking                  ./drivers/fsl_lpsci.o
LPSCI_TransferSendNonBlocking                     ./drivers/fsl_lpsci.o
LPSCI_TransferStartRingBuffer                     ./drivers/fsl_lpsci.o
LPSCI_TransferStopRingBuffer                      ./drivers/fsl_lpsci.o
LPSCI_WriteBlocking                               ./drivers/fsl_lpsci.o
                                                  ./utilities/fsl_debug_console.o
LPTMR0_DriverIRQHandler                           ./startup/startup_mkl25z4.o
LPTMR0_IRQHandler                                 ./startup/startup_mkl25z4.o
LVD_LVW_DriverIRQHandler                          ./startup/startup_mkl25z4.o
LVD_LVW_IRQHandler                                ./startup/startup_mkl25z4.o
MCG_DriverIRQHandler                              ./startup/startup_mkl25z4.o
MCG_IRQHandler                                    ./startup/startup_mkl25z4.o
MEASURE_RELATIVE_HUMIDITY_HOLD_MASTER_MODE        ./source/si7006_driver2.o
MEASURE_RELATIVE_HUMIDITY_NO_HOLD_MASTER_MODE     ./source/si7006_driver2.o
MEASURE_TEMPERATURE_HOLD_MASTER_MODE              ./source/si7006_driver2.o
MEASURE_TEMPERATURE_NO_HOLD_MASTER_MODE           ./source/si7006_driver2.o
NMI_Handler                                       ./startup/startup_mkl25z4.o
PIT_DriverIRQHandler                              ./startup/startup_mkl25z4.o
PIT_IRQHandler                                    ./startup/startup_mkl25z4.o
PORTA_DriverIRQHandler                            ./startup/startup_mkl25z4.o
PORTA_IRQHandler                                  ./startup/startup_mkl25z4.o
PORTD_DriverIRQHandler                            ./startup/startup_mkl25z4.o
PORTD_IRQHandler                                  ./startup/startup_mkl25z4.o
PendSV_Handler                                    ./startup/startup_mkl25z4.o
READ_ELECTRONIC_ID_FIRST_BYTE_CMD                 ./source/si7006_driver2.o
READ_ELECTRONIC_ID_SECOND_BYTE_CMD                ./source/si7006_driver2.o
READ_FIRMWARE_VERSION_CMD                         ./source/si7006_driver2.o
READ_TEMPERATURE_VALUE_FROM_PREVIOUS_RH_MEASUREMENT ./source/si7006_driver2.o
RESET                                             ./source/si7006_driver2.o
RESET_USER_REGISTER1                              ./source/si7006_driver2.o
RESOLUTION_RH_10_TEMP_13                          ./source/si7006_driver2.o
RESOLUTION_RH_11_TEMP_11                          ./source/si7006_driver2.o
RESOLUTION_RH_12_TEMP_14                          ./source/si7006_driver2.o
RESOLUTION_RH_8_TEMP_12                           ./source/si7006_driver2.o
RTC_DriverIRQHandler                              ./startup/startup_mkl25z4.o
RTC_IRQHandler                                    ./startup/startup_mkl25z4.o
RTC_Seconds_DriverIRQHandler                      ./startup/startup_mkl25z4.o
RTC_Seconds_IRQHandler                            ./startup/startup_mkl25z4.o
Reserved20_DriverIRQHandler                       ./startup/startup_mkl25z4.o
Reserved20_IRQHandler                             ./startup/startup_mkl25z4.o
Reserved39_DriverIRQHandler                       ./startup/startup_mkl25z4.o
Reserved39_IRQHandler                             ./startup/startup_mkl25z4.o
Reserved45_DriverIRQHandler                       ./startup/startup_mkl25z4.o
Reserved45_IRQHandler                             ./startup/startup_mkl25z4.o
ResetISR                                          ./startup/startup_mkl25z4.o
SMC_PostExitStopModes                             ./drivers/fsl_smc.o
SMC_PreEnterStopModes                             ./drivers/fsl_smc.o
SMC_SetPowerModeLls                               ./drivers/fsl_smc.o
SMC_SetPowerModeRun                               ./drivers/fsl_smc.o
SMC_SetPowerModeStop                              ./drivers/fsl_smc.o
SMC_SetPowerModeVlls                              ./drivers/fsl_smc.o
SMC_SetPowerModeVlpr                              ./drivers/fsl_smc.o
                                                  ./board/clock_config.o
SMC_SetPowerModeVlps                              ./drivers/fsl_smc.o
SMC_SetPowerModeVlpw                              ./drivers/fsl_smc.o
SMC_SetPowerModeWait                              ./drivers/fsl_smc.o
SPI0_DriverIRQHandler                             ./startup/startup_mkl25z4.o
SPI0_IRQHandler                                   ./startup/startup_mkl25z4.o
SPI1_DriverIRQHandler                             ./startup/startup_mkl25z4.o
SPI1_IRQHandler                                   ./startup/startup_mkl25z4.o
SVC_Handler                                       ./startup/startup_mkl25z4.o
SysTick_Handler                                   ./startup/startup_mkl25z4.o
SystemCoreClock                                   ./CMSIS/system_MKL25Z4.o
                                                  ./board/clock_config.o
SystemCoreClockUpdate                             ./CMSIS/system_MKL25Z4.o
SystemInit                                        ./CMSIS/system_MKL25Z4.o
                                                  ./startup/startup_mkl25z4.o
TPM0_DriverIRQHandler                             ./startup/startup_mkl25z4.o
TPM0_IRQHandler                                   ./startup/startup_mkl25z4.o
TPM1_DriverIRQHandler                             ./startup/startup_mkl25z4.o
TPM1_IRQHandler                                   ./startup/startup_mkl25z4.o
TPM2_DriverIRQHandler                             ./startup/startup_mkl25z4.o
TPM2_IRQHandler                                   ./startup/startup_mkl25z4.o
TSI0_DriverIRQHandler                             ./startup/startup_mkl25z4.o
TSI0_IRQHandler                                   ./startup/startup_mkl25z4.o
UART0_DriverIRQHandler                            ./drivers/fsl_lpsci.o
                                                  ./startup/startup_mkl25z4.o
UART0_IRQHandler                                  ./startup/startup_mkl25z4.o
UART1_DriverIRQHandler                            ./drivers/fsl_uart.o
                                                  ./startup/startup_mkl25z4.o
UART1_IRQHandler                                  ./startup/startup_mkl25z4.o
UART1_RX_TX_DriverIRQHandler                      ./drivers/fsl_uart.o
UART2_DriverIRQHandler                            ./drivers/fsl_uart.o
                                                  ./startup/startup_mkl25z4.o
UART2_IRQHandler                                  ./startup/startup_mkl25z4.o
UART2_RX_TX_DriverIRQHandler                      ./drivers/fsl_uart.o
UART_ClearStatusFlags                             ./drivers/fsl_uart.o
UART_Deinit                                       ./drivers/fsl_uart.o
                                                  ./utilities/fsl_debug_console.o
UART_DisableInterrupts                            ./drivers/fsl_uart.o
UART_EnableInterrupts                             ./drivers/fsl_uart.o
UART_GetDefaultConfig                             ./drivers/fsl_uart.o
                                                  ./utilities/fsl_debug_console.o
UART_GetEnabledInterrupts                         ./drivers/fsl_uart.o
UART_GetInstance                                  ./drivers/fsl_uart.o
UART_GetStatusFlags                               ./drivers/fsl_uart.o
UART_Init                                         ./drivers/fsl_uart.o
                                                  ./utilities/fsl_debug_console.o
UART_ReadBlocking                                 ./drivers/fsl_uart.o
                                                  ./utilities/fsl_debug_console.o
UART_SetBaudRate                                  ./drivers/fsl_uart.o
UART_TransferAbortReceive                         ./drivers/fsl_uart.o
UART_TransferAbortSend                            ./drivers/fsl_uart.o
UART_TransferCreateHandle                         ./drivers/fsl_uart.o
UART_TransferGetReceiveCount                      ./drivers/fsl_uart.o
UART_TransferGetSendCount                         ./drivers/fsl_uart.o
UART_TransferHandleErrorIRQ                       ./drivers/fsl_uart.o
UART_TransferHandleIRQ                            ./drivers/fsl_uart.o
UART_TransferReceiveNonBlocking                   ./drivers/fsl_uart.o
UART_TransferSendNonBlocking                      ./drivers/fsl_uart.o
UART_TransferStartRingBuffer                      ./drivers/fsl_uart.o
UART_TransferStopRingBuffer                       ./drivers/fsl_uart.o
UART_WriteBlocking                                ./drivers/fsl_uart.o
                                                  ./utilities/fsl_debug_console.o
USB0_DriverIRQHandler                             ./startup/startup_mkl25z4.o
USB0_IRQHandler                                   ./startup/startup_mkl25z4.o
VDD                                               ./source/si7006_driver2.o
_Csys_alloc                                       /Applications/MCUXpressoIDE_11.1.0_3209/ide/plugins/com.nxp.mcuxpresso.tools.macosx_11.1.0.201909161352/tools/bin/../lib/gcc/arm-none-eabi/8.3.1/../../../../arm-none-eabi/lib/thumb/v6-m/nofp/libcr_c.a(alloc.o)
                                                  /Applications/MCUXpressoIDE_11.1.0_3209/ide/plugins/com.nxp.mcuxpresso.tools.macosx_11.1.0.201909161352/tools/bin/../lib/gcc/arm-none-eabi/8.3.1/../../../../arm-none-eabi/lib/thumb/v6-m/nofp/libcr_c.a(_deferredlazyseek.o)
_Cwritebuf                                        /Applications/MCUXpressoIDE_11.1.0_3209/ide/plugins/com.nxp.mcuxpresso.tools.macosx_11.1.0.201909161352/tools/bin/../lib/gcc/arm-none-eabi/8.3.1/../../../../arm-none-eabi/lib/thumb/v6-m/nofp/libcr_c.a(_writebuf.o)
                                                  /Applications/MCUXpressoIDE_11.1.0_3209/ide/plugins/com.nxp.mcuxpresso.tools.macosx_11.1.0.201909161352/tools/bin/../lib/gcc/arm-none-eabi/8.3.1/../../../../arm-none-eabi/lib/thumb/v6-m/nofp/libcr_c.a(_fflush.o)
                                                  /Applications/MCUXpressoIDE_11.1.0_3209/ide/plugins/com.nxp.mcuxpresso.tools.macosx_11.1.0.201909161352/tools/bin/../lib/gcc/arm-none-eabi/8.3.1/../../../../arm-none-eabi/lib/thumb/v6-m/nofp/libcr_c.a(_deferredlazyseek.o)
__CR_SEMIHOST                                     /Applications/MCUXpressoIDE_11.1.0_3209/ide/plugins/com.nxp.mcuxpresso.tools.macosx_11.1.0.201909161352/tools/bin/../lib/gcc/arm-none-eabi/8.3.1/../../../../arm-none-eabi/lib/thumb/v6-m/nofp/libcr_semihost_nf.a(_cr__main.o)
__Ciob                                            /Applications/MCUXpressoIDE_11.1.0_3209/ide/plugins/com.nxp.mcuxpresso.tools.macosx_11.1.0.201909161352/tools/bin/../lib/gcc/arm-none-eabi/8.3.1/../../../../arm-none-eabi/lib/thumb/v6-m/nofp/libcr_semihost_nf.a(__ciob.o)
                                                  /Applications/MCUXpressoIDE_11.1.0_3209/ide/plugins/com.nxp.mcuxpresso.tools.macosx_11.1.0.201909161352/tools/bin/../lib/gcc/arm-none-eabi/8.3.1/../../../../arm-none-eabi/lib/thumb/v6-m/nofp/libcr_c.a(fflush.o)
                                                  /Applications/MCUXpressoIDE_11.1.0_3209/ide/plugins/com.nxp.mcuxpresso.tools.macosx_11.1.0.201909161352/tools/bin/../lib/gcc/arm-none-eabi/8.3.1/../../../../arm-none-eabi/lib/thumb/v6-m/nofp/libcr_c.a(printf.o)
                                                  /Applications/MCUXpressoIDE_11.1.0_3209/ide/plugins/com.nxp.mcuxpresso.tools.macosx_11.1.0.201909161352/tools/bin/../lib/gcc/arm-none-eabi/8.3.1/../../../../arm-none-eabi/lib/thumb/v6-m/nofp/libcr_c.a(initio.o)
                                                  /Applications/MCUXpressoIDE_11.1.0_3209/ide/plugins/com.nxp.mcuxpresso.tools.macosx_11.1.0.201909161352/tools/bin/../lib/gcc/arm-none-eabi/8.3.1/../../../../arm-none-eabi/lib/thumb/v6-m/nofp/libcr_semihost_nf.a(_cr_assert.o)
__RAM_VECTOR_TABLE_SIZE_BYTES                     ./drivers/fsl_common.o
__VECTOR_RAM                                      ./drivers/fsl_common.o
__VECTOR_TABLE                                    ./drivers/fsl_common.o
__Vectors                                         ./startup/startup_mkl25z4.o
__aeabi_cdcmpeq                                   /Applications/MCUXpressoIDE_11.1.0_3209/ide/plugins/com.nxp.mcuxpresso.tools.macosx_11.1.0.201909161352/tools/bin/../lib/gcc/arm-none-eabi/8.3.1/thumb/v6-m/nofp/libcr_eabihelpers.a(double.o)
__aeabi_cdcmple                                   /Applications/MCUXpressoIDE_11.1.0_3209/ide/plugins/com.nxp.mcuxpresso.tools.macosx_11.1.0.201909161352/tools/bin/../lib/gcc/arm-none-eabi/8.3.1/thumb/v6-m/nofp/libcr_eabihelpers.a(double.o)
__aeabi_cdrcmple                                  /Applications/MCUXpressoIDE_11.1.0_3209/ide/plugins/com.nxp.mcuxpresso.tools.macosx_11.1.0.201909161352/tools/bin/../lib/gcc/arm-none-eabi/8.3.1/thumb/v6-m/nofp/libcr_eabihelpers.a(double.o)
__aeabi_d2f                                       /Applications/MCUXpressoIDE_11.1.0_3209/ide/plugins/com.nxp.mcuxpresso.tools.macosx_11.1.0.201909161352/tools/bin/../lib/gcc/arm-none-eabi/8.3.1/thumb/v6-m/nofp/libcr_eabihelpers.a(double.o)
__aeabi_d2iz                                      /Applications/MCUXpressoIDE_11.1.0_3209/ide/plugins/com.nxp.mcuxpresso.tools.macosx_11.1.0.201909161352/tools/bin/../lib/gcc/arm-none-eabi/8.3.1/thumb/v6-m/nofp/libcr_eabihelpers.a(double.o)
                                                  ./source/si7006_driver2.o
__aeabi_d2lz                                      /Applications/MCUXpressoIDE_11.1.0_3209/ide/plugins/com.nxp.mcuxpresso.tools.macosx_11.1.0.201909161352/tools/bin/../lib/gcc/arm-none-eabi/8.3.1/thumb/v6-m/nofp/libcr_eabihelpers.a(double.o)
__aeabi_d2uiz                                     /Applications/MCUXpressoIDE_11.1.0_3209/ide/plugins/com.nxp.mcuxpresso.tools.macosx_11.1.0.201909161352/tools/bin/../lib/gcc/arm-none-eabi/8.3.1/thumb/v6-m/nofp/libcr_eabihelpers.a(double.o)
__aeabi_d2ulz                                     /Applications/MCUXpressoIDE_11.1.0_3209/ide/plugins/com.nxp.mcuxpresso.tools.macosx_11.1.0.201909161352/tools/bin/../lib/gcc/arm-none-eabi/8.3.1/thumb/v6-m/nofp/libcr_eabihelpers.a(double.o)
__aeabi_dadd                                      /Applications/MCUXpressoIDE_11.1.0_3209/ide/plugins/com.nxp.mcuxpresso.tools.macosx_11.1.0.201909161352/tools/bin/../lib/gcc/arm-none-eabi/8.3.1/thumb/v6-m/nofp/libcr_eabihelpers.a(double.o)
                                                  ./source/si7006_driver2.o
__aeabi_dcmpeq                                    /Applications/MCUXpressoIDE_11.1.0_3209/ide/plugins/com.nxp.mcuxpresso.tools.macosx_11.1.0.201909161352/tools/bin/../lib/gcc/arm-none-eabi/8.3.1/thumb/v6-m/nofp/libcr_eabihelpers.a(double.o)
__aeabi_dcmpge                                    /Applications/MCUXpressoIDE_11.1.0_3209/ide/plugins/com.nxp.mcuxpresso.tools.macosx_11.1.0.201909161352/tools/bin/../lib/gcc/arm-none-eabi/8.3.1/thumb/v6-m/nofp/libcr_eabihelpers.a(double.o)
__aeabi_dcmpgt                                    /Applications/MCUXpressoIDE_11.1.0_3209/ide/plugins/com.nxp.mcuxpresso.tools.macosx_11.1.0.201909161352/tools/bin/../lib/gcc/arm-none-eabi/8.3.1/thumb/v6-m/nofp/libcr_eabihelpers.a(double.o)
__aeabi_dcmple                                    /Applications/MCUXpressoIDE_11.1.0_3209/ide/plugins/com.nxp.mcuxpresso.tools.macosx_11.1.0.201909161352/tools/bin/../lib/gcc/arm-none-eabi/8.3.1/thumb/v6-m/nofp/libcr_eabihelpers.a(double.o)
__aeabi_dcmplt                                    /Applications/MCUXpressoIDE_11.1.0_3209/ide/plugins/com.nxp.mcuxpresso.tools.macosx_11.1.0.201909161352/tools/bin/../lib/gcc/arm-none-eabi/8.3.1/thumb/v6-m/nofp/libcr_eabihelpers.a(double.o)
__aeabi_dcmpun                                    /Applications/MCUXpressoIDE_11.1.0_3209/ide/plugins/com.nxp.mcuxpresso.tools.macosx_11.1.0.201909161352/tools/bin/../lib/gcc/arm-none-eabi/8.3.1/thumb/v6-m/nofp/libcr_eabihelpers.a(double.o)
__aeabi_ddiv                                      /Applications/MCUXpressoIDE_11.1.0_3209/ide/plugins/com.nxp.mcuxpresso.tools.macosx_11.1.0.201909161352/tools/bin/../lib/gcc/arm-none-eabi/8.3.1/thumb/v6-m/nofp/libcr_eabihelpers.a(double.o)
                                                  ./source/si7006_driver2.o
__aeabi_dmul                                      /Applications/MCUXpressoIDE_11.1.0_3209/ide/plugins/com.nxp.mcuxpresso.tools.macosx_11.1.0.201909161352/tools/bin/../lib/gcc/arm-none-eabi/8.3.1/thumb/v6-m/nofp/libcr_eabihelpers.a(double.o)
                                                  ./source/si7006_driver2.o
__aeabi_dneg                                      /Applications/MCUXpressoIDE_11.1.0_3209/ide/plugins/com.nxp.mcuxpresso.tools.macosx_11.1.0.201909161352/tools/bin/../lib/gcc/arm-none-eabi/8.3.1/thumb/v6-m/nofp/libcr_eabihelpers.a(double.o)
__aeabi_drsub                                     /Applications/MCUXpressoIDE_11.1.0_3209/ide/plugins/com.nxp.mcuxpresso.tools.macosx_11.1.0.201909161352/tools/bin/../lib/gcc/arm-none-eabi/8.3.1/thumb/v6-m/nofp/libcr_eabihelpers.a(double.o)
__aeabi_dsub                                      /Applications/MCUXpressoIDE_11.1.0_3209/ide/plugins/com.nxp.mcuxpresso.tools.macosx_11.1.0.201909161352/tools/bin/../lib/gcc/arm-none-eabi/8.3.1/thumb/v6-m/nofp/libcr_eabihelpers.a(double.o)
                                                  ./source/si7006_driver2.o
__aeabi_i2d                                       /Applications/MCUXpressoIDE_11.1.0_3209/ide/plugins/com.nxp.mcuxpresso.tools.macosx_11.1.0.201909161352/tools/bin/../lib/gcc/arm-none-eabi/8.3.1/thumb/v6-m/nofp/libcr_eabihelpers.a(double.o)
                                                  ./source/si7006_driver2.o
__aeabi_idiv                                      /Applications/MCUXpressoIDE_11.1.0_3209/ide/plugins/com.nxp.mcuxpresso.tools.macosx_11.1.0.201909161352/tools/bin/../lib/gcc/arm-none-eabi/8.3.1/thumb/v6-m/nofp/libcr_eabihelpers.a(division_32.o)
__aeabi_idiv0                                     /Applications/MCUXpressoIDE_11.1.0_3209/ide/plugins/com.nxp.mcuxpresso.tools.macosx_11.1.0.201909161352/tools/bin/../lib/gcc/arm-none-eabi/8.3.1/thumb/v6-m/nofp/libcr_eabihelpers.a(division_idiv0.o)
                                                  /Applications/MCUXpressoIDE_11.1.0_3209/ide/plugins/com.nxp.mcuxpresso.tools.macosx_11.1.0.201909161352/tools/bin/../lib/gcc/arm-none-eabi/8.3.1/thumb/v6-m/nofp/libcr_eabihelpers.a(division_32.o)
__aeabi_idivmod                                   /Applications/MCUXpressoIDE_11.1.0_3209/ide/plugins/com.nxp.mcuxpresso.tools.macosx_11.1.0.201909161352/tools/bin/../lib/gcc/arm-none-eabi/8.3.1/thumb/v6-m/nofp/libcr_eabihelpers.a(division_32.o)
__aeabi_l2d                                       /Applications/MCUXpressoIDE_11.1.0_3209/ide/plugins/com.nxp.mcuxpresso.tools.macosx_11.1.0.201909161352/tools/bin/../lib/gcc/arm-none-eabi/8.3.1/thumb/v6-m/nofp/libcr_eabihelpers.a(double.o)
__aeabi_lasr                                      /Applications/MCUXpressoIDE_11.1.0_3209/ide/plugins/com.nxp.mcuxpresso.tools.macosx_11.1.0.201909161352/tools/bin/../lib/gcc/arm-none-eabi/8.3.1/thumb/v6-m/nofp/libcr_eabihelpers.a(llong.o)
__aeabi_lcmp                                      /Applications/MCUXpressoIDE_11.1.0_3209/ide/plugins/com.nxp.mcuxpresso.tools.macosx_11.1.0.201909161352/tools/bin/../lib/gcc/arm-none-eabi/8.3.1/thumb/v6-m/nofp/libcr_eabihelpers.a(llong.o)
__aeabi_llsl                                      /Applications/MCUXpressoIDE_11.1.0_3209/ide/plugins/com.nxp.mcuxpresso.tools.macosx_11.1.0.201909161352/tools/bin/../lib/gcc/arm-none-eabi/8.3.1/thumb/v6-m/nofp/libcr_eabihelpers.a(llong.o)
__aeabi_llsr                                      /Applications/MCUXpressoIDE_11.1.0_3209/ide/plugins/com.nxp.mcuxpresso.tools.macosx_11.1.0.201909161352/tools/bin/../lib/gcc/arm-none-eabi/8.3.1/thumb/v6-m/nofp/libcr_eabihelpers.a(llong.o)
__aeabi_lmul                                      /Applications/MCUXpressoIDE_11.1.0_3209/ide/plugins/com.nxp.mcuxpresso.tools.macosx_11.1.0.201909161352/tools/bin/../lib/gcc/arm-none-eabi/8.3.1/thumb/v6-m/nofp/libcr_eabihelpers.a(llong.o)
                                                  /Applications/MCUXpressoIDE_11.1.0_3209/ide/plugins/com.nxp.mcuxpresso.tools.macosx_11.1.0.201909161352/tools/bin/../lib/gcc/arm-none-eabi/8.3.1/thumb/v6-m/nofp/libcr_eabihelpers.a(double.o)
                                                  /Applications/MCUXpressoIDE_11.1.0_3209/ide/plugins/com.nxp.mcuxpresso.tools.macosx_11.1.0.201909161352/tools/bin/../lib/gcc/arm-none-eabi/8.3.1/../../../../arm-none-eabi/lib/thumb/v6-m/nofp/libcr_c.a(printf.o)
__aeabi_lowlevel_memset                           /Applications/MCUXpressoIDE_11.1.0_3209/ide/plugins/com.nxp.mcuxpresso.tools.macosx_11.1.0.201909161352/tools/bin/../lib/gcc/arm-none-eabi/8.3.1/thumb/v6-m/nofp/libcr_eabihelpers.a(memcpy.o)
                                                  /Applications/MCUXpressoIDE_11.1.0_3209/ide/plugins/com.nxp.mcuxpresso.tools.macosx_11.1.0.201909161352/tools/bin/../lib/gcc/arm-none-eabi/8.3.1/../../../../arm-none-eabi/lib/thumb/v6-m/nofp/libcr_c.a(memset.o)
__aeabi_memclr                                    /Applications/MCUXpressoIDE_11.1.0_3209/ide/plugins/com.nxp.mcuxpresso.tools.macosx_11.1.0.201909161352/tools/bin/../lib/gcc/arm-none-eabi/8.3.1/thumb/v6-m/nofp/libcr_eabihelpers.a(memcpy.o)
__aeabi_memclr4                                   /Applications/MCUXpressoIDE_11.1.0_3209/ide/plugins/com.nxp.mcuxpresso.tools.macosx_11.1.0.201909161352/tools/bin/../lib/gcc/arm-none-eabi/8.3.1/thumb/v6-m/nofp/libcr_eabihelpers.a(memcpy.o)
__aeabi_memclr8                                   /Applications/MCUXpressoIDE_11.1.0_3209/ide/plugins/com.nxp.mcuxpresso.tools.macosx_11.1.0.201909161352/tools/bin/../lib/gcc/arm-none-eabi/8.3.1/thumb/v6-m/nofp/libcr_eabihelpers.a(memcpy.o)
__aeabi_memcpy                                    /Applications/MCUXpressoIDE_11.1.0_3209/ide/plugins/com.nxp.mcuxpresso.tools.macosx_11.1.0.201909161352/tools/bin/../lib/gcc/arm-none-eabi/8.3.1/thumb/v6-m/nofp/libcr_eabihelpers.a(memcpy.o)
                                                  /Applications/MCUXpressoIDE_11.1.0_3209/ide/plugins/com.nxp.mcuxpresso.tools.macosx_11.1.0.201909161352/tools/bin/../lib/gcc/arm-none-eabi/8.3.1/../../../../arm-none-eabi/lib/thumb/v6-m/nofp/libcr_c.a(memcpy.o)
__aeabi_memcpy4                                   /Applications/MCUXpressoIDE_11.1.0_3209/ide/plugins/com.nxp.mcuxpresso.tools.macosx_11.1.0.201909161352/tools/bin/../lib/gcc/arm-none-eabi/8.3.1/thumb/v6-m/nofp/libcr_eabihelpers.a(memcpy.o)
__aeabi_memcpy8                                   /Applications/MCUXpressoIDE_11.1.0_3209/ide/plugins/com.nxp.mcuxpresso.tools.macosx_11.1.0.201909161352/tools/bin/../lib/gcc/arm-none-eabi/8.3.1/thumb/v6-m/nofp/libcr_eabihelpers.a(memcpy.o)
__aeabi_memmove                                   /Applications/MCUXpressoIDE_11.1.0_3209/ide/plugins/com.nxp.mcuxpresso.tools.macosx_11.1.0.201909161352/tools/bin/../lib/gcc/arm-none-eabi/8.3.1/thumb/v6-m/nofp/libcr_eabihelpers.a(memcpy.o)
__aeabi_memmove4                                  /Applications/MCUXpressoIDE_11.1.0_3209/ide/plugins/com.nxp.mcuxpresso.tools.macosx_11.1.0.201909161352/tools/bin/../lib/gcc/arm-none-eabi/8.3.1/thumb/v6-m/nofp/libcr_eabihelpers.a(memcpy.o)
__aeabi_memmove8                                  /Applications/MCUXpressoIDE_11.1.0_3209/ide/plugins/com.nxp.mcuxpresso.tools.macosx_11.1.0.201909161352/tools/bin/../lib/gcc/arm-none-eabi/8.3.1/thumb/v6-m/nofp/libcr_eabihelpers.a(memcpy.o)
__aeabi_memset                                    /Applications/MCUXpressoIDE_11.1.0_3209/ide/plugins/com.nxp.mcuxpresso.tools.macosx_11.1.0.201909161352/tools/bin/../lib/gcc/arm-none-eabi/8.3.1/thumb/v6-m/nofp/libcr_eabihelpers.a(memcpy.o)
__aeabi_memset4                                   /Applications/MCUXpressoIDE_11.1.0_3209/ide/plugins/com.nxp.mcuxpresso.tools.macosx_11.1.0.201909161352/tools/bin/../lib/gcc/arm-none-eabi/8.3.1/thumb/v6-m/nofp/libcr_eabihelpers.a(memcpy.o)
__aeabi_memset8                                   /Applications/MCUXpressoIDE_11.1.0_3209/ide/plugins/com.nxp.mcuxpresso.tools.macosx_11.1.0.201909161352/tools/bin/../lib/gcc/arm-none-eabi/8.3.1/thumb/v6-m/nofp/libcr_eabihelpers.a(memcpy.o)
__aeabi_ui2d                                      /Applications/MCUXpressoIDE_11.1.0_3209/ide/plugins/com.nxp.mcuxpresso.tools.macosx_11.1.0.201909161352/tools/bin/../lib/gcc/arm-none-eabi/8.3.1/thumb/v6-m/nofp/libcr_eabihelpers.a(double.o)
                                                  ./source/si7006_driver2.o